Compiling 47 files with Solc 0.8.33
installing solc version "0.8.33"
Successfully installed solc 0.8.33
Solc 0.8.33 finished in 6.43s
Compiler run successful with warnings:
Warning (2424): Natspec memory-safe-assembly special comment for inline assembly is deprecated and scheduled for removal. Use the memory-safe block annotation instead.
   --> lib/openzeppelin-contracts/lib/forge-std/src/StdStorage.sol:297:13:
    |
297 |             assembly {
    |             ^ (Relevant source part starts here and spans across multiple lines).

Warning (2424): Natspec memory-safe-assembly special comment for inline assembly is deprecated and scheduled for removal. Use the memory-safe block annotation instead.
   --> lib/openzeppelin-contracts/lib/forge-std/src/StdStorage.sol:404:9:
    |
404 |         assembly {
    |         ^ (Relevant source part starts here and spans across multiple lines).

Warning (2424): Natspec memory-safe-assembly special comment for inline assembly is deprecated and scheduled for removal. Use the memory-safe block annotation instead.
   --> lib/openzeppelin-contracts/lib/forge-std/src/StdChains.sol:179:21:
    |
179 |                     assembly {
    |                     ^ (Relevant source part starts here and spans across multiple lines).

Warning (2424): Natspec memory-safe-assembly special comment for inline assembly is deprecated and scheduled for removal. Use the memory-safe block annotation instead.
  --> lib/openzeppelin-contracts/lib/forge-std/src/console.sol:11:9:
   |
11 |         assembly {
   |         ^ (Relevant source part starts here and spans across multiple lines).

Warning (2424): Natspec memory-safe-assembly special comment for inline assembly is deprecated and scheduled for removal. Use the memory-safe block annotation instead.
   --> lib/openzeppelin-contracts/lib/forge-std/src/StdCheats.sol:505:9:
    |
505 |         assembly {
    |         ^ (Relevant source part starts here and spans across multiple lines).

Warning (2424): Natspec memory-safe-assembly special comment for inline assembly is deprecated and scheduled for removal. Use the memory-safe block annotation instead.
   --> lib/openzeppelin-contracts/lib/forge-std/src/StdCheats.sol:515:9:
    |
515 |         assembly {
    |         ^ (Relevant source part starts here and spans across multiple lines).

Warning (2424): Natspec memory-safe-assembly special comment for inline assembly is deprecated and scheduled for removal. Use the memory-safe block annotation instead.
   --> lib/openzeppelin-contracts/lib/forge-std/src/StdCheats.sol:526:9:
    |
526 |         assembly {
    |         ^ (Relevant source part starts here and spans across multiple lines).

Warning (2424): Natspec memory-safe-assembly special comment for inline assembly is deprecated and scheduled for removal. Use the memory-safe block annotation instead.
   --> lib/openzeppelin-contracts/lib/forge-std/src/StdCheats.sol:536:9:
    |
536 |         assembly {
    |         ^ (Relevant source part starts here and spans across multiple lines).

Warning (2424): Natspec memory-safe-assembly special comment for inline assembly is deprecated and scheduled for removal. Use the memory-safe block annotation instead.
   --> lib/openzeppelin-contracts/lib/forge-std/src/StdUtils.sol:192:9:
    |
192 |         assembly {
    |         ^ (Relevant source part starts here and spans across multiple lines).

Warning (2424): Natspec memory-safe-assembly special comment for inline assembly is deprecated and scheduled for removal. Use the memory-safe block annotation instead.
  --> lib/openzeppelin-contracts/lib/forge-std/src/safeconsole.sol:15:9:
   |
15 |         assembly {
   |         ^ (Relevant source part starts here and spans across multiple lines).

Warning (2424): Natspec memory-safe-assembly special comment for inline assembly is deprecated and scheduled for removal. Use the memory-safe block annotation instead.
  --> lib/openzeppelin-contracts/lib/forge-std/src/safeconsole.sol:23:9:
   |
23 |         assembly {
   |         ^ (Relevant source part starts here and spans across multiple lines).

Warning (2424): Natspec memory-safe-assembly special comment for inline assembly is deprecated and scheduled for removal. Use the memory-safe block annotation instead.
  --> lib/openzeppelin-contracts/lib/forge-std/src/safeconsole.sol:32:9:
   |
32 |         assembly {
   |         ^ (Relevant source part starts here and spans across multiple lines).

Warning (2424): Natspec memory-safe-assembly special comment for inline assembly is deprecated and scheduled for removal. Use the memory-safe block annotation instead.
  --> lib/openzeppelin-contracts/lib/forge-std/src/safeconsole.sol:40:9:
   |
40 |         assembly {
   |         ^ (Relevant source part starts here and spans across multiple lines).

Warning (2424): Natspec memory-safe-assembly special comment for inline assembly is deprecated and scheduled for removal. Use the memory-safe block annotation instead.
  --> lib/openzeppelin-contracts/lib/forge-std/src/safeconsole.sol:52:13:
   |
52 |             assembly {
   |             ^ (Relevant source part starts here and spans across multiple lines).

Warning (2424): Natspec memory-safe-assembly special comment for inline assembly is deprecated and scheduled for removal. Use the memory-safe block annotation instead.
  --> lib/openzeppelin-contracts/lib/forge-std/src/safeconsole.sol:63:13:
   |
63 |             assembly {
   |             ^ (Relevant source part starts here and spans across multiple lines).

Warning (2424): Natspec memory-safe-assembly special comment for inline assembly is deprecated and scheduled for removal. Use the memory-safe block annotation instead.
  --> lib/openzeppelin-contracts/lib/forge-std/src/safeconsole.sol:75:13:
   |
75 |             assembly {
   |             ^ (Relevant source part starts here and spans across multiple lines).

Warning (2424): Natspec memory-safe-assembly special comment for inline assembly is deprecated and scheduled for removal. Use the memory-safe block annotation instead.
  --> lib/openzeppelin-contracts/lib/forge-std/src/safeconsole.sol:82:13:
   |
82 |             assembly {
   |             ^ (Relevant source part starts here and spans across multiple lines).

Warning (2424): Natspec memory-safe-assembly special comment for inline assembly is deprecated and scheduled for removal. Use the memory-safe block annotation instead.
  --> lib/openzeppelin-contracts/lib/forge-std/src/safeconsole.sol:91:13:
   |
91 |             assembly {
   |             ^ (Relevant source part starts here and spans across multiple lines).

Warning (2424): Natspec memory-safe-assembly special comment for inline assembly is deprecated and scheduled for removal. Use the memory-safe block annotation instead.
   --> lib/openzeppelin-contracts/lib/forge-std/src/safeconsole.sol:103:9:
    |
103 |         assembly {
    |         ^ (Relevant source part starts here and spans across multiple lines).

Warning (2424): Natspec memory-safe-assembly special comment for inline assembly is deprecated and scheduled for removal. Use the memory-safe block annotation instead.
   --> lib/openzeppelin-contracts/lib/forge-std/src/safeconsole.sol:112:9:
    |
112 |         assembly {
    |         ^ (Relevant source part starts here and spans across multiple lines).

Warning (2424): Natspec memory-safe-assembly special comment for inline assembly is deprecated and scheduled for removal. Use the memory-safe block annotation instead.
   --> lib/openzeppelin-contracts/lib/forge-std/src/safeconsole.sol:122:9:
    |
122 |         assembly {
    |         ^ (Relevant source part starts here and spans across multiple lines).

Warning (2424): Natspec memory-safe-assembly special comment for inline assembly is deprecated and scheduled for removal. Use the memory-safe block annotation instead.
   --> lib/openzeppelin-contracts/lib/forge-std/src/safeconsole.sol:131:9:
    |
131 |         assembly {
    |         ^ (Relevant source part starts here and spans across multiple lines).

Warning (2424): Natspec memory-safe-assembly special comment for inline assembly is deprecated and scheduled for removal. Use the memory-safe block annotation instead.
   --> lib/openzeppelin-contracts/lib/forge-std/src/safeconsole.sol:141:9:
    |
141 |         assembly {
    |         ^ (Relevant source part starts here and spans across multiple lines).

Warning (2424): Natspec memory-safe-assembly special comment for inline assembly is deprecated and scheduled for removal. Use the memory-safe block annotation instead.
   --> lib/openzeppelin-contracts/lib/forge-std/src/safeconsole.sol:150:9:
    |
150 |         assembly {
    |         ^ (Relevant source part starts here and spans across multiple lines).

Warning (2424): Natspec memory-safe-assembly special comment for inline assembly is deprecated and scheduled for removal. Use the memory-safe block annotation instead.
   --> lib/openzeppelin-contracts/lib/forge-std/src/safeconsole.sol:162:9:
    |
162 |         assembly {
    |         ^ (Relevant source part starts here and spans across multiple lines).

Warning (2424): Natspec memory-safe-assembly special comment for inline assembly is deprecated and scheduled for removal. Use the memory-safe block annotation instead.
   --> lib/openzeppelin-contracts/lib/forge-std/src/safeconsole.sol:181:9:
    |
181 |         assembly {
    |         ^ (Relevant source part starts here and spans across multiple lines).

Warning (2424): Natspec memory-safe-assembly special comment for inline assembly is deprecated and scheduled for removal. Use the memory-safe block annotation instead.
   --> lib/openzeppelin-contracts/lib/forge-std/src/safeconsole.sol:194:9:
    |
194 |         assembly {
    |         ^ (Relevant source part starts here and spans across multiple lines).

Warning (2424): Natspec memory-safe-assembly special comment for inline assembly is deprecated and scheduled for removal. Use the memory-safe block annotation instead.
   --> lib/openzeppelin-contracts/lib/forge-std/src/safeconsole.sol:205:9:
    |
205 |         assembly {
    |         ^ (Relevant source part starts here and spans across multiple lines).

Warning (2424): Natspec memory-safe-assembly special comment for inline assembly is deprecated and scheduled for removal. Use the memory-safe block annotation instead.
   --> lib/openzeppelin-contracts/lib/forge-std/src/safeconsole.sol:217:9:
    |
217 |         assembly {
    |         ^ (Relevant source part starts here and spans across multiple lines).

Warning (2424): Natspec memory-safe-assembly special comment for inline assembly is deprecated and scheduled for removal. Use the memory-safe block annotation instead.
   --> lib/openzeppelin-contracts/lib/forge-std/src/safeconsole.sol:228:9:
    |
228 |         assembly {
    |         ^ (Relevant source part starts here and spans across multiple lines).

Warning (2424): Natspec memory-safe-assembly special comment for inline assembly is deprecated and scheduled for removal. Use the memory-safe block annotation instead.
   --> lib/openzeppelin-contracts/lib/forge-std/src/safeconsole.sol:240:9:
    |
240 |         assembly {
    |         ^ (Relevant source part starts here and spans across multiple lines).

Warning (2424): Natspec memory-safe-assembly special comment for inline assembly is deprecated and scheduled for removal. Use the memory-safe block annotation instead.
   --> lib/openzeppelin-contracts/lib/forge-std/src/safeconsole.sol:251:9:
    |
251 |         assembly {
    |         ^ (Relevant source part starts here and spans across multiple lines).

Warning (2424): Natspec memory-safe-assembly special comment for inline assembly is deprecated and scheduled for removal. Use the memory-safe block annotation instead.
   --> lib/openzeppelin-contracts/lib/forge-std/src/safeconsole.sol:265:9:
    |
265 |         assembly {
    |         ^ (Relevant source part starts here and spans across multiple lines).

Warning (2424): Natspec memory-safe-assembly special comment for inline assembly is deprecated and scheduled for removal. Use the memory-safe block annotation instead.
   --> lib/openzeppelin-contracts/lib/forge-std/src/safeconsole.sol:286:9:
    |
286 |         assembly {
    |         ^ (Relevant source part starts here and spans across multiple lines).

Warning (2424): Natspec memory-safe-assembly special comment for inline assembly is deprecated and scheduled for removal. Use the memory-safe block annotation instead.
   --> lib/openzeppelin-contracts/lib/forge-std/src/safeconsole.sol:300:9:
    |
300 |         assembly {
    |         ^ (Relevant source part starts here and spans across multiple lines).

Warning (2424): Natspec memory-safe-assembly special comment for inline assembly is deprecated and scheduled for removal. Use the memory-safe block annotation instead.
   --> lib/openzeppelin-contracts/lib/forge-std/src/safeconsole.sol:311:9:
    |
311 |         assembly {
    |         ^ (Relevant source part starts here and spans across multiple lines).

Warning (2424): Natspec memory-safe-assembly special comment for inline assembly is deprecated and scheduled for removal. Use the memory-safe block annotation instead.
   --> lib/openzeppelin-contracts/lib/forge-std/src/safeconsole.sol:323:9:
    |
323 |         assembly {
    |         ^ (Relevant source part starts here and spans across multiple lines).

Warning (2424): Natspec memory-safe-assembly special comment for inline assembly is deprecated and scheduled for removal. Use the memory-safe block annotation instead.
   --> lib/openzeppelin-contracts/lib/forge-std/src/safeconsole.sol:334:9:
    |
334 |         assembly {
    |         ^ (Relevant source part starts here and spans across multiple lines).

Warning (2424): Natspec memory-safe-assembly special comment for inline assembly is deprecated and scheduled for removal. Use the memory-safe block annotation instead.
   --> lib/openzeppelin-contracts/lib/forge-std/src/safeconsole.sol:346:9:
    |
346 |         assembly {
    |         ^ (Relevant source part starts here and spans across multiple lines).

Warning (2424): Natspec memory-safe-assembly special comment for inline assembly is deprecated and scheduled for removal. Use the memory-safe block annotation instead.
   --> lib/openzeppelin-contracts/lib/forge-std/src/safeconsole.sol:357:9:
    |
357 |         assembly {
    |         ^ (Relevant source part starts here and spans across multiple lines).

Warning (2424): Natspec memory-safe-assembly special comment for inline assembly is deprecated and scheduled for removal. Use the memory-safe block annotation instead.
   --> lib/openzeppelin-contracts/lib/forge-std/src/safeconsole.sol:371:9:
    |
371 |         assembly {
    |         ^ (Relevant source part starts here and spans across multiple lines).

Warning (2424): Natspec memory-safe-assembly special comment for inline assembly is deprecated and scheduled for removal. Use the memory-safe block annotation instead.
   --> lib/openzeppelin-contracts/lib/forge-std/src/safeconsole.sol:392:9:
    |
392 |         assembly {
    |         ^ (Relevant source part starts here and spans across multiple lines).

Warning (2424): Natspec memory-safe-assembly special comment for inline assembly is deprecated and scheduled for removal. Use the memory-safe block annotation instead.
   --> lib/openzeppelin-contracts/lib/forge-std/src/safeconsole.sol:406:9:
    |
406 |         assembly {
    |         ^ (Relevant source part starts here and spans across multiple lines).

Warning (2424): Natspec memory-safe-assembly special comment for inline assembly is deprecated and scheduled for removal. Use the memory-safe block annotation instead.
   --> lib/openzeppelin-contracts/lib/forge-std/src/safeconsole.sol:417:9:
    |
417 |         assembly {
    |         ^ (Relevant source part starts here and spans across multiple lines).

Warning (2424): Natspec memory-safe-assembly special comment for inline assembly is deprecated and scheduled for removal. Use the memory-safe block annotation instead.
   --> lib/openzeppelin-contracts/lib/forge-std/src/safeconsole.sol:429:9:
    |
429 |         assembly {
    |         ^ (Relevant source part starts here and spans across multiple lines).

Warning (2424): Natspec memory-safe-assembly special comment for inline assembly is deprecated and scheduled for removal. Use the memory-safe block annotation instead.
   --> lib/openzeppelin-contracts/lib/forge-std/src/safeconsole.sol:440:9:
    |
440 |         assembly {
    |         ^ (Relevant source part starts here and spans across multiple lines).

Warning (2424): Natspec memory-safe-assembly special comment for inline assembly is deprecated and scheduled for removal. Use the memory-safe block annotation instead.
   --> lib/openzeppelin-contracts/lib/forge-std/src/safeconsole.sol:452:9:
    |
452 |         assembly {
    |         ^ (Relevant source part starts here and spans across multiple lines).

Warning (2424): Natspec memory-safe-assembly special comment for inline assembly is deprecated and scheduled for removal. Use the memory-safe block annotation instead.
   --> lib/openzeppelin-contracts/lib/forge-std/src/safeconsole.sol:463:9:
    |
463 |         assembly {
    |         ^ (Relevant source part starts here and spans across multiple lines).

Warning (2424): Natspec memory-safe-assembly special comment for inline assembly is deprecated and scheduled for removal. Use the memory-safe block annotation instead.
   --> lib/openzeppelin-contracts/lib/forge-std/src/safeconsole.sol:477:9:
    |
477 |         assembly {
    |         ^ (Relevant source part starts here and spans across multiple lines).

Warning (2424): Natspec memory-safe-assembly special comment for inline assembly is deprecated and scheduled for removal. Use the memory-safe block annotation instead.
   --> lib/openzeppelin-contracts/lib/forge-std/src/safeconsole.sol:498:9:
    |
498 |         assembly {
    |         ^ (Relevant source part starts here and spans across multiple lines).

Warning (2424): Natspec memory-safe-assembly special comment for inline assembly is deprecated and scheduled for removal. Use the memory-safe block annotation instead.
   --> lib/openzeppelin-contracts/lib/forge-std/src/safeconsole.sol:514:9:
    |
514 |         assembly {
    |         ^ (Relevant source part starts here and spans across multiple lines).

Warning (2424): Natspec memory-safe-assembly special comment for inline assembly is deprecated and scheduled for removal. Use the memory-safe block annotation instead.
   --> lib/openzeppelin-contracts/lib/forge-std/src/safeconsole.sol:535:9:
    |
535 |         assembly {
    |         ^ (Relevant source part starts here and spans across multiple lines).

Warning (2424): Natspec memory-safe-assembly special comment for inline assembly is deprecated and scheduled for removal. Use the memory-safe block annotation instead.
   --> lib/openzeppelin-contracts/lib/forge-std/src/safeconsole.sol:551:9:
    |
551 |         assembly {
    |         ^ (Relevant source part starts here and spans across multiple lines).

Warning (2424): Natspec memory-safe-assembly special comment for inline assembly is deprecated and scheduled for removal. Use the memory-safe block annotation instead.
   --> lib/openzeppelin-contracts/lib/forge-std/src/safeconsole.sol:572:9:
    |
572 |         assembly {
    |         ^ (Relevant source part starts here and spans across multiple lines).

Warning (2424): Natspec memory-safe-assembly special comment for inline assembly is deprecated and scheduled for removal. Use the memory-safe block annotation instead.
   --> lib/openzeppelin-contracts/lib/forge-std/src/safeconsole.sol:588:9:
    |
588 |         assembly {
    |         ^ (Relevant source part starts here and spans across multiple lines).

Warning (2424): Natspec memory-safe-assembly special comment for inline assembly is deprecated and scheduled for removal. Use the memory-safe block annotation instead.
   --> lib/openzeppelin-contracts/lib/forge-std/src/safeconsole.sol:609:9:
    |
609 |         assembly {
    |         ^ (Relevant source part starts here and spans across multiple lines).

Warning (2424): Natspec memory-safe-assembly special comment for inline assembly is deprecated and scheduled for removal. Use the memory-safe block annotation instead.
   --> lib/openzeppelin-contracts/lib/forge-std/src/safeconsole.sol:627:9:
    |
627 |         assembly {
    |         ^ (Relevant source part starts here and spans across multiple lines).

Warning (2424): Natspec memory-safe-assembly special comment for inline assembly is deprecated and scheduled for removal. Use the memory-safe block annotation instead.
   --> lib/openzeppelin-contracts/lib/forge-std/src/safeconsole.sol:651:9:
    |
651 |         assembly {
    |         ^ (Relevant source part starts here and spans across multiple lines).

Warning (2424): Natspec memory-safe-assembly special comment for inline assembly is deprecated and scheduled for removal. Use the memory-safe block annotation instead.
   --> lib/openzeppelin-contracts/lib/forge-std/src/safeconsole.sol:668:9:
    |
668 |         assembly {
    |         ^ (Relevant source part starts here and spans across multiple lines).

Warning (2424): Natspec memory-safe-assembly special comment for inline assembly is deprecated and scheduled for removal. Use the memory-safe block annotation instead.
   --> lib/openzeppelin-contracts/lib/forge-std/src/safeconsole.sol:681:9:
    |
681 |         assembly {
    |         ^ (Relevant source part starts here and spans across multiple lines).

Warning (2424): Natspec memory-safe-assembly special comment for inline assembly is deprecated and scheduled for removal. Use the memory-safe block annotation instead.
   --> lib/openzeppelin-contracts/lib/forge-std/src/safeconsole.sol:695:9:
    |
695 |         assembly {
    |         ^ (Relevant source part starts here and spans across multiple lines).

Warning (2424): Natspec memory-safe-assembly special comment for inline assembly is deprecated and scheduled for removal. Use the memory-safe block annotation instead.
   --> lib/openzeppelin-contracts/lib/forge-std/src/safeconsole.sol:708:9:
    |
708 |         assembly {
    |         ^ (Relevant source part starts here and spans across multiple lines).

Warning (2424): Natspec memory-safe-assembly special comment for inline assembly is deprecated and scheduled for removal. Use the memory-safe block annotation instead.
   --> lib/openzeppelin-contracts/lib/forge-std/src/safeconsole.sol:722:9:
    |
722 |         assembly {
    |         ^ (Relevant source part starts here and spans across multiple lines).

Warning (2424): Natspec memory-safe-assembly special comment for inline assembly is deprecated and scheduled for removal. Use the memory-safe block annotation instead.
   --> lib/openzeppelin-contracts/lib/forge-std/src/safeconsole.sol:735:9:
    |
735 |         assembly {
    |         ^ (Relevant source part starts here and spans across multiple lines).

Warning (2424): Natspec memory-safe-assembly special comment for inline assembly is deprecated and scheduled for removal. Use the memory-safe block annotation instead.
   --> lib/openzeppelin-contracts/lib/forge-std/src/safeconsole.sol:751:9:
    |
751 |         assembly {
    |         ^ (Relevant source part starts here and spans across multiple lines).

Warning (2424): Natspec memory-safe-assembly special comment for inline assembly is deprecated and scheduled for removal. Use the memory-safe block annotation instead.
   --> lib/openzeppelin-contracts/lib/forge-std/src/safeconsole.sol:774:9:
    |
774 |         assembly {
    |         ^ (Relevant source part starts here and spans across multiple lines).

Warning (2424): Natspec memory-safe-assembly special comment for inline assembly is deprecated and scheduled for removal. Use the memory-safe block annotation instead.
   --> lib/openzeppelin-contracts/lib/forge-std/src/safeconsole.sol:790:9:
    |
790 |         assembly {
    |         ^ (Relevant source part starts here and spans across multiple lines).

Warning (2424): Natspec memory-safe-assembly special comment for inline assembly is deprecated and scheduled for removal. Use the memory-safe block annotation instead.
   --> lib/openzeppelin-contracts/lib/forge-std/src/safeconsole.sol:803:9:
    |
803 |         assembly {
    |         ^ (Relevant source part starts here and spans across multiple lines).

Warning (2424): Natspec memory-safe-assembly special comment for inline assembly is deprecated and scheduled for removal. Use the memory-safe block annotation instead.
   --> lib/openzeppelin-contracts/lib/forge-std/src/safeconsole.sol:817:9:
    |
817 |         assembly {
    |         ^ (Relevant source part starts here and spans across multiple lines).

Warning (2424): Natspec memory-safe-assembly special comment for inline assembly is deprecated and scheduled for removal. Use the memory-safe block annotation instead.
   --> lib/openzeppelin-contracts/lib/forge-std/src/safeconsole.sol:830:9:
    |
830 |         assembly {
    |         ^ (Relevant source part starts here and spans across multiple lines).

Warning (2424): Natspec memory-safe-assembly special comment for inline assembly is deprecated and scheduled for removal. Use the memory-safe block annotation instead.
   --> lib/openzeppelin-contracts/lib/forge-std/src/safeconsole.sol:844:9:
    |
844 |         assembly {
    |         ^ (Relevant source part starts here and spans across multiple lines).

Warning (2424): Natspec memory-safe-assembly special comment for inline assembly is deprecated and scheduled for removal. Use the memory-safe block annotation instead.
   --> lib/openzeppelin-contracts/lib/forge-std/src/safeconsole.sol:857:9:
    |
857 |         assembly {
    |         ^ (Relevant source part starts here and spans across multiple lines).

Warning (2424): Natspec memory-safe-assembly special comment for inline assembly is deprecated and scheduled for removal. Use the memory-safe block annotation instead.
   --> lib/openzeppelin-contracts/lib/forge-std/src/safeconsole.sol:873:9:
    |
873 |         assembly {
    |         ^ (Relevant source part starts here and spans across multiple lines).

Warning (2424): Natspec memory-safe-assembly special comment for inline assembly is deprecated and scheduled for removal. Use the memory-safe block annotation instead.
   --> lib/openzeppelin-contracts/lib/forge-std/src/safeconsole.sol:896:9:
    |
896 |         assembly {
    |         ^ (Relevant source part starts here and spans across multiple lines).

Warning (2424): Natspec memory-safe-assembly special comment for inline assembly is deprecated and scheduled for removal. Use the memory-safe block annotation instead.
   --> lib/openzeppelin-contracts/lib/forge-std/src/safeconsole.sol:912:9:
    |
912 |         assembly {
    |         ^ (Relevant source part starts here and spans across multiple lines).

Warning (2424): Natspec memory-safe-assembly special comment for inline assembly is deprecated and scheduled for removal. Use the memory-safe block annotation instead.
   --> lib/openzeppelin-contracts/lib/forge-std/src/safeconsole.sol:925:9:
    |
925 |         assembly {
    |         ^ (Relevant source part starts here and spans across multiple lines).

Warning (2424): Natspec memory-safe-assembly special comment for inline assembly is deprecated and scheduled for removal. Use the memory-safe block annotation instead.
   --> lib/openzeppelin-contracts/lib/forge-std/src/safeconsole.sol:939:9:
    |
939 |         assembly {
    |         ^ (Relevant source part starts here and spans across multiple lines).

Warning (2424): Natspec memory-safe-assembly special comment for inline assembly is deprecated and scheduled for removal. Use the memory-safe block annotation instead.
   --> lib/openzeppelin-contracts/lib/forge-std/src/safeconsole.sol:952:9:
    |
952 |         assembly {
    |         ^ (Relevant source part starts here and spans across multiple lines).

Warning (2424): Natspec memory-safe-assembly special comment for inline assembly is deprecated and scheduled for removal. Use the memory-safe block annotation instead.
   --> lib/openzeppelin-contracts/lib/forge-std/src/safeconsole.sol:966:9:
    |
966 |         assembly {
    |         ^ (Relevant source part starts here and spans across multiple lines).

Warning (2424): Natspec memory-safe-assembly special comment for inline assembly is deprecated and scheduled for removal. Use the memory-safe block annotation instead.
   --> lib/openzeppelin-contracts/lib/forge-std/src/safeconsole.sol:979:9:
    |
979 |         assembly {
    |         ^ (Relevant source part starts here and spans across multiple lines).

Warning (2424): Natspec memory-safe-assembly special comment for inline assembly is deprecated and scheduled for removal. Use the memory-safe block annotation instead.
   --> lib/openzeppelin-contracts/lib/forge-std/src/safeconsole.sol:995:9:
    |
995 |         assembly {
    |         ^ (Relevant source part starts here and spans across multiple lines).

Warning (2424): Natspec memory-safe-assembly special comment for inline assembly is deprecated and scheduled for removal. Use the memory-safe block annotation instead.
    --> lib/openzeppelin-contracts/lib/forge-std/src/safeconsole.sol:1018:9:
     |
1018 |         assembly {
     |         ^ (Relevant source part starts here and spans across multiple lines).

Warning (2424): Natspec memory-safe-assembly special comment for inline assembly is deprecated and scheduled for removal. Use the memory-safe block annotation instead.
    --> lib/openzeppelin-contracts/lib/forge-std/src/safeconsole.sol:1036:9:
     |
1036 |         assembly {
     |         ^ (Relevant source part starts here and spans across multiple lines).

Warning (2424): Natspec memory-safe-assembly special comment for inline assembly is deprecated and scheduled for removal. Use the memory-safe block annotation instead.
    --> lib/openzeppelin-contracts/lib/forge-std/src/safeconsole.sol:1059:9:
     |
1059 |         assembly {
     |         ^ (Relevant source part starts here and spans across multiple lines).

Warning (2424): Natspec memory-safe-assembly special comment for inline assembly is deprecated and scheduled for removal. Use the memory-safe block annotation instead.
    --> lib/openzeppelin-contracts/lib/forge-std/src/safeconsole.sol:1077:9:
     |
1077 |         assembly {
     |         ^ (Relevant source part starts here and spans across multiple lines).

Warning (2424): Natspec memory-safe-assembly special comment for inline assembly is deprecated and scheduled for removal. Use the memory-safe block annotation instead.
    --> lib/openzeppelin-contracts/lib/forge-std/src/safeconsole.sol:1100:9:
     |
1100 |         assembly {
     |         ^ (Relevant source part starts here and spans across multiple lines).

Warning (2424): Natspec memory-safe-assembly special comment for inline assembly is deprecated and scheduled for removal. Use the memory-safe block annotation instead.
    --> lib/openzeppelin-contracts/lib/forge-std/src/safeconsole.sol:1118:9:
     |
1118 |         assembly {
     |         ^ (Relevant source part starts here and spans across multiple lines).

Warning (2424): Natspec memory-safe-assembly special comment for inline assembly is deprecated and scheduled for removal. Use the memory-safe block annotation instead.
    --> lib/openzeppelin-contracts/lib/forge-std/src/safeconsole.sol:1141:9:
     |
1141 |         assembly {
     |         ^ (Relevant source part starts here and spans across multiple lines).

Warning (2424): Natspec memory-safe-assembly special comment for inline assembly is deprecated and scheduled for removal. Use the memory-safe block annotation instead.
    --> lib/openzeppelin-contracts/lib/forge-std/src/safeconsole.sol:1161:9:
     |
1161 |         assembly {
     |         ^ (Relevant source part starts here and spans across multiple lines).

Warning (2424): Natspec memory-safe-assembly special comment for inline assembly is deprecated and scheduled for removal. Use the memory-safe block annotation instead.
    --> lib/openzeppelin-contracts/lib/forge-std/src/safeconsole.sol:1187:9:
     |
1187 |         assembly {
     |         ^ (Relevant source part starts here and spans across multiple lines).

Warning (2424): Natspec memory-safe-assembly special comment for inline assembly is deprecated and scheduled for removal. Use the memory-safe block annotation instead.
    --> lib/openzeppelin-contracts/lib/forge-std/src/safeconsole.sol:1205:9:
     |
1205 |         assembly {
     |         ^ (Relevant source part starts here and spans across multiple lines).

Warning (2424): Natspec memory-safe-assembly special comment for inline assembly is deprecated and scheduled for removal. Use the memory-safe block annotation instead.
    --> lib/openzeppelin-contracts/lib/forge-std/src/safeconsole.sol:1218:9:
     |
1218 |         assembly {
     |         ^ (Relevant source part starts here and spans across multiple lines).

Warning (2424): Natspec memory-safe-assembly special comment for inline assembly is deprecated and scheduled for removal. Use the memory-safe block annotation instead.
    --> lib/openzeppelin-contracts/lib/forge-std/src/safeconsole.sol:1232:9:
     |
1232 |         assembly {
     |         ^ (Relevant source part starts here and spans across multiple lines).

Warning (2424): Natspec memory-safe-assembly special comment for inline assembly is deprecated and scheduled for removal. Use the memory-safe block annotation instead.
    --> lib/openzeppelin-contracts/lib/forge-std/src/safeconsole.sol:1245:9:
     |
1245 |         assembly {
     |         ^ (Relevant source part starts here and spans across multiple lines).

Warning (2424): Natspec memory-safe-assembly special comment for inline assembly is deprecated and scheduled for removal. Use the memory-safe block annotation instead.
    --> lib/openzeppelin-contracts/lib/forge-std/src/safeconsole.sol:1259:9:
     |
1259 |         assembly {
     |         ^ (Relevant source part starts here and spans across multiple lines).

Warning (2424): Natspec memory-safe-assembly special comment for inline assembly is deprecated and scheduled for removal. Use the memory-safe block annotation instead.
    --> lib/openzeppelin-contracts/lib/forge-std/src/safeconsole.sol:1272:9:
     |
1272 |         assembly {
     |         ^ (Relevant source part starts here and spans across multiple lines).

Warning (2424): Natspec memory-safe-assembly special comment for inline assembly is deprecated and scheduled for removal. Use the memory-safe block annotation instead.
    --> lib/openzeppelin-contracts/lib/forge-std/src/safeconsole.sol:1288:9:
     |
1288 |         assembly {
     |         ^ (Relevant source part starts here and spans across multiple lines).

Warning (2424): Natspec memory-safe-assembly special comment for inline assembly is deprecated and scheduled for removal. Use the memory-safe block annotation instead.
    --> lib/openzeppelin-contracts/lib/forge-std/src/safeconsole.sol:1311:9:
     |
1311 |         assembly {
     |         ^ (Relevant source part starts here and spans across multiple lines).

Warning (2424): Natspec memory-safe-assembly special comment for inline assembly is deprecated and scheduled for removal. Use the memory-safe block annotation instead.
    --> lib/openzeppelin-contracts/lib/forge-std/src/safeconsole.sol:1327:9:
     |
1327 |         assembly {
     |         ^ (Relevant source part starts here and spans across multiple lines).

Warning (2424): Natspec memory-safe-assembly special comment for inline assembly is deprecated and scheduled for removal. Use the memory-safe block annotation instead.
    --> lib/openzeppelin-contracts/lib/forge-std/src/safeconsole.sol:1340:9:
     |
1340 |         assembly {
     |         ^ (Relevant source part starts here and spans across multiple lines).

Warning (2424): Natspec memory-safe-assembly special comment for inline assembly is deprecated and scheduled for removal. Use the memory-safe block annotation instead.
    --> lib/openzeppelin-contracts/lib/forge-std/src/safeconsole.sol:1354:9:
     |
1354 |         assembly {
     |         ^ (Relevant source part starts here and spans across multiple lines).

Warning (2424): Natspec memory-safe-assembly special comment for inline assembly is deprecated and scheduled for removal. Use the memory-safe block annotation instead.
    --> lib/openzeppelin-contracts/lib/forge-std/src/safeconsole.sol:1367:9:
     |
1367 |         assembly {
     |         ^ (Relevant source part starts here and spans across multiple lines).

Warning (2424): Natspec memory-safe-assembly special comment for inline assembly is deprecated and scheduled for removal. Use the memory-safe block annotation instead.
    --> lib/openzeppelin-contracts/lib/forge-std/src/safeconsole.sol:1381:9:
     |
1381 |         assembly {
     |         ^ (Relevant source part starts here and spans across multiple lines).

Warning (2424): Natspec memory-safe-assembly special comment for inline assembly is deprecated and scheduled for removal. Use the memory-safe block annotation instead.
    --> lib/openzeppelin-contracts/lib/forge-std/src/safeconsole.sol:1394:9:
     |
1394 |         assembly {
     |         ^ (Relevant source part starts here and spans across multiple lines).

Warning (2424): Natspec memory-safe-assembly special comment for inline assembly is deprecated and scheduled for removal. Use the memory-safe block annotation instead.
    --> lib/openzeppelin-contracts/lib/forge-std/src/safeconsole.sol:1410:9:
     |
1410 |         assembly {
     |         ^ (Relevant source part starts here and spans across multiple lines).

Warning (2424): Natspec memory-safe-assembly special comment for inline assembly is deprecated and scheduled for removal. Use the memory-safe block annotation instead.
    --> lib/openzeppelin-contracts/lib/forge-std/src/safeconsole.sol:1433:9:
     |
1433 |         assembly {
     |         ^ (Relevant source part starts here and spans across multiple lines).

Warning (2424): Natspec memory-safe-assembly special comment for inline assembly is deprecated and scheduled for removal. Use the memory-safe block annotation instead.
    --> lib/openzeppelin-contracts/lib/forge-std/src/safeconsole.sol:1449:9:
     |
1449 |         assembly {
     |         ^ (Relevant source part starts here and spans across multiple lines).

Warning (2424): Natspec memory-safe-assembly special comment for inline assembly is deprecated and scheduled for removal. Use the memory-safe block annotation instead.
    --> lib/openzeppelin-contracts/lib/forge-std/src/safeconsole.sol:1462:9:
     |
1462 |         assembly {
     |         ^ (Relevant source part starts here and spans across multiple lines).

Warning (2424): Natspec memory-safe-assembly special comment for inline assembly is deprecated and scheduled for removal. Use the memory-safe block annotation instead.
    --> lib/openzeppelin-contracts/lib/forge-std/src/safeconsole.sol:1476:9:
     |
1476 |         assembly {
     |         ^ (Relevant source part starts here and spans across multiple lines).

Warning (2424): Natspec memory-safe-assembly special comment for inline assembly is deprecated and scheduled for removal. Use the memory-safe block annotation instead.
    --> lib/openzeppelin-contracts/lib/forge-std/src/safeconsole.sol:1489:9:
     |
1489 |         assembly {
     |         ^ (Relevant source part starts here and spans across multiple lines).

Warning (2424): Natspec memory-safe-assembly special comment for inline assembly is deprecated and scheduled for removal. Use the memory-safe block annotation instead.
    --> lib/openzeppelin-contracts/lib/forge-std/src/safeconsole.sol:1503:9:
     |
1503 |         assembly {
     |         ^ (Relevant source part starts here and spans across multiple lines).

Warning (2424): Natspec memory-safe-assembly special comment for inline assembly is deprecated and scheduled for removal. Use the memory-safe block annotation instead.
    --> lib/openzeppelin-contracts/lib/forge-std/src/safeconsole.sol:1516:9:
     |
1516 |         assembly {
     |         ^ (Relevant source part starts here and spans across multiple lines).

Warning (2424): Natspec memory-safe-assembly special comment for inline assembly is deprecated and scheduled for removal. Use the memory-safe block annotation instead.
    --> lib/openzeppelin-contracts/lib/forge-std/src/safeconsole.sol:1532:9:
     |
1532 |         assembly {
     |         ^ (Relevant source part starts here and spans across multiple lines).

Warning (2424): Natspec memory-safe-assembly special comment for inline assembly is deprecated and scheduled for removal. Use the memory-safe block annotation instead.
    --> lib/openzeppelin-contracts/lib/forge-std/src/safeconsole.sol:1555:9:
     |
1555 |         assembly {
     |         ^ (Relevant source part starts here and spans across multiple lines).

Warning (2424): Natspec memory-safe-assembly special comment for inline assembly is deprecated and scheduled for removal. Use the memory-safe block annotation instead.
    --> lib/openzeppelin-contracts/lib/forge-std/src/safeconsole.sol:1573:9:
     |
1573 |         assembly {
     |         ^ (Relevant source part starts here and spans across multiple lines).

Warning (2424): Natspec memory-safe-assembly special comment for inline assembly is deprecated and scheduled for removal. Use the memory-safe block annotation instead.
    --> lib/openzeppelin-contracts/lib/forge-std/src/safeconsole.sol:1596:9:
     |
1596 |         assembly {
     |         ^ (Relevant source part starts here and spans across multiple lines).

Warning (2424): Natspec memory-safe-assembly special comment for inline assembly is deprecated and scheduled for removal. Use the memory-safe block annotation instead.
    --> lib/openzeppelin-contracts/lib/forge-std/src/safeconsole.sol:1614:9:
     |
1614 |         assembly {
     |         ^ (Relevant source part starts here and spans across multiple lines).

Warning (2424): Natspec memory-safe-assembly special comment for inline assembly is deprecated and scheduled for removal. Use the memory-safe block annotation instead.
    --> lib/openzeppelin-contracts/lib/forge-std/src/safeconsole.sol:1637:9:
     |
1637 |         assembly {
     |         ^ (Relevant source part starts here and spans across multiple lines).

Warning (2424): Natspec memory-safe-assembly special comment for inline assembly is deprecated and scheduled for removal. Use the memory-safe block annotation instead.
    --> lib/openzeppelin-contracts/lib/forge-std/src/safeconsole.sol:1655:9:
     |
1655 |         assembly {
     |         ^ (Relevant source part starts here and spans across multiple lines).

Warning (2424): Natspec memory-safe-assembly special comment for inline assembly is deprecated and scheduled for removal. Use the memory-safe block annotation instead.
    --> lib/openzeppelin-contracts/lib/forge-std/src/safeconsole.sol:1678:9:
     |
1678 |         assembly {
     |         ^ (Relevant source part starts here and spans across multiple lines).

Warning (2424): Natspec memory-safe-assembly special comment for inline assembly is deprecated and scheduled for removal. Use the memory-safe block annotation instead.
    --> lib/openzeppelin-contracts/lib/forge-std/src/safeconsole.sol:1698:9:
     |
1698 |         assembly {
     |         ^ (Relevant source part starts here and spans across multiple lines).

Warning (2424): Natspec memory-safe-assembly special comment for inline assembly is deprecated and scheduled for removal. Use the memory-safe block annotation instead.
    --> lib/openzeppelin-contracts/lib/forge-std/src/safeconsole.sol:1724:9:
     |
1724 |         assembly {
     |         ^ (Relevant source part starts here and spans across multiple lines).

Warning (2424): Natspec memory-safe-assembly special comment for inline assembly is deprecated and scheduled for removal. Use the memory-safe block annotation instead.
    --> lib/openzeppelin-contracts/lib/forge-std/src/safeconsole.sol:1742:9:
     |
1742 |         assembly {
     |         ^ (Relevant source part starts here and spans across multiple lines).

Warning (2424): Natspec memory-safe-assembly special comment for inline assembly is deprecated and scheduled for removal. Use the memory-safe block annotation instead.
    --> lib/openzeppelin-contracts/lib/forge-std/src/safeconsole.sol:1755:9:
     |
1755 |         assembly {
     |         ^ (Relevant source part starts here and spans across multiple lines).

Warning (2424): Natspec memory-safe-assembly special comment for inline assembly is deprecated and scheduled for removal. Use the memory-safe block annotation instead.
    --> lib/openzeppelin-contracts/lib/forge-std/src/safeconsole.sol:1769:9:
     |
1769 |         assembly {
     |         ^ (Relevant source part starts here and spans across multiple lines).

Warning (2424): Natspec memory-safe-assembly special comment for inline assembly is deprecated and scheduled for removal. Use the memory-safe block annotation instead.
    --> lib/openzeppelin-contracts/lib/forge-std/src/safeconsole.sol:1782:9:
     |
1782 |         assembly {
     |         ^ (Relevant source part starts here and spans across multiple lines).

Warning (2424): Natspec memory-safe-assembly special comment for inline assembly is deprecated and scheduled for removal. Use the memory-safe block annotation instead.
    --> lib/openzeppelin-contracts/lib/forge-std/src/safeconsole.sol:1796:9:
     |
1796 |         assembly {
     |         ^ (Relevant source part starts here and spans across multiple lines).

Warning (2424): Natspec memory-safe-assembly special comment for inline assembly is deprecated and scheduled for removal. Use the memory-safe block annotation instead.
    --> lib/openzeppelin-contracts/lib/forge-std/src/safeconsole.sol:1809:9:
     |
1809 |         assembly {
     |         ^ (Relevant source part starts here and spans across multiple lines).

Warning (2424): Natspec memory-safe-assembly special comment for inline assembly is deprecated and scheduled for removal. Use the memory-safe block annotation instead.
    --> lib/openzeppelin-contracts/lib/forge-std/src/safeconsole.sol:1825:9:
     |
1825 |         assembly {
     |         ^ (Relevant source part starts here and spans across multiple lines).

Warning (2424): Natspec memory-safe-assembly special comment for inline assembly is deprecated and scheduled for removal. Use the memory-safe block annotation instead.
    --> lib/openzeppelin-contracts/lib/forge-std/src/safeconsole.sol:1848:9:
     |
1848 |         assembly {
     |         ^ (Relevant source part starts here and spans across multiple lines).

Warning (2424): Natspec memory-safe-assembly special comment for inline assembly is deprecated and scheduled for removal. Use the memory-safe block annotation instead.
    --> lib/openzeppelin-contracts/lib/forge-std/src/safeconsole.sol:1864:9:
     |
1864 |         assembly {
     |         ^ (Relevant source part starts here and spans across multiple lines).

Warning (2424): Natspec memory-safe-assembly special comment for inline assembly is deprecated and scheduled for removal. Use the memory-safe block annotation instead.
    --> lib/openzeppelin-contracts/lib/forge-std/src/safeconsole.sol:1877:9:
     |
1877 |         assembly {
     |         ^ (Relevant source part starts here and spans across multiple lines).

Warning (2424): Natspec memory-safe-assembly special comment for inline assembly is deprecated and scheduled for removal. Use the memory-safe block annotation instead.
    --> lib/openzeppelin-contracts/lib/forge-std/src/safeconsole.sol:1891:9:
     |
1891 |         assembly {
     |         ^ (Relevant source part starts here and spans across multiple lines).

Warning (2424): Natspec memory-safe-assembly special comment for inline assembly is deprecated and scheduled for removal. Use the memory-safe block annotation instead.
    --> lib/openzeppelin-contracts/lib/forge-std/src/safeconsole.sol:1904:9:
     |
1904 |         assembly {
     |         ^ (Relevant source part starts here and spans across multiple lines).

Warning (2424): Natspec memory-safe-assembly special comment for inline assembly is deprecated and scheduled for removal. Use the memory-safe block annotation instead.
    --> lib/openzeppelin-contracts/lib/forge-std/src/safeconsole.sol:1918:9:
     |
1918 |         assembly {
     |         ^ (Relevant source part starts here and spans across multiple lines).

Warning (2424): Natspec memory-safe-assembly special comment for inline assembly is deprecated and scheduled for removal. Use the memory-safe block annotation instead.
    --> lib/openzeppelin-contracts/lib/forge-std/src/safeconsole.sol:1931:9:
     |
1931 |         assembly {
     |         ^ (Relevant source part starts here and spans across multiple lines).

Warning (2424): Natspec memory-safe-assembly special comment for inline assembly is deprecated and scheduled for removal. Use the memory-safe block annotation instead.
    --> lib/openzeppelin-contracts/lib/forge-std/src/safeconsole.sol:1947:9:
     |
1947 |         assembly {
     |         ^ (Relevant source part starts here and spans across multiple lines).

Warning (2424): Natspec memory-safe-assembly special comment for inline assembly is deprecated and scheduled for removal. Use the memory-safe block annotation instead.
    --> lib/openzeppelin-contracts/lib/forge-std/src/safeconsole.sol:1970:9:
     |
1970 |         assembly {
     |         ^ (Relevant source part starts here and spans across multiple lines).

Warning (2424): Natspec memory-safe-assembly special comment for inline assembly is deprecated and scheduled for removal. Use the memory-safe block annotation instead.
    --> lib/openzeppelin-contracts/lib/forge-std/src/safeconsole.sol:1986:9:
     |
1986 |         assembly {
     |         ^ (Relevant source part starts here and spans across multiple lines).

Warning (2424): Natspec memory-safe-assembly special comment for inline assembly is deprecated and scheduled for removal. Use the memory-safe block annotation instead.
    --> lib/openzeppelin-contracts/lib/forge-std/src/safeconsole.sol:1999:9:
     |
1999 |         assembly {
     |         ^ (Relevant source part starts here and spans across multiple lines).

Warning (2424): Natspec memory-safe-assembly special comment for inline assembly is deprecated and scheduled for removal. Use the memory-safe block annotation instead.
    --> lib/openzeppelin-contracts/lib/forge-std/src/safeconsole.sol:2013:9:
     |
2013 |         assembly {
     |         ^ (Relevant source part starts here and spans across multiple lines).

Warning (2424): Natspec memory-safe-assembly special comment for inline assembly is deprecated and scheduled for removal. Use the memory-safe block annotation instead.
    --> lib/openzeppelin-contracts/lib/forge-std/src/safeconsole.sol:2026:9:
     |
2026 |         assembly {
     |         ^ (Relevant source part starts here and spans across multiple lines).

Warning (2424): Natspec memory-safe-assembly special comment for inline assembly is deprecated and scheduled for removal. Use the memory-safe block annotation instead.
    --> lib/openzeppelin-contracts/lib/forge-std/src/safeconsole.sol:2040:9:
     |
2040 |         assembly {
     |         ^ (Relevant source part starts here and spans across multiple lines).

Warning (2424): Natspec memory-safe-assembly special comment for inline assembly is deprecated and scheduled for removal. Use the memory-safe block annotation instead.
    --> lib/openzeppelin-contracts/lib/forge-std/src/safeconsole.sol:2053:9:
     |
2053 |         assembly {
     |         ^ (Relevant source part starts here and spans across multiple lines).

Warning (2424): Natspec memory-safe-assembly special comment for inline assembly is deprecated and scheduled for removal. Use the memory-safe block annotation instead.
    --> lib/openzeppelin-contracts/lib/forge-std/src/safeconsole.sol:2069:9:
     |
2069 |         assembly {
     |         ^ (Relevant source part starts here and spans across multiple lines).

Warning (2424): Natspec memory-safe-assembly special comment for inline assembly is deprecated and scheduled for removal. Use the memory-safe block annotation instead.
    --> lib/openzeppelin-contracts/lib/forge-std/src/safeconsole.sol:2092:9:
     |
2092 |         assembly {
     |         ^ (Relevant source part starts here and spans across multiple lines).

Warning (2424): Natspec memory-safe-assembly special comment for inline assembly is deprecated and scheduled for removal. Use the memory-safe block annotation instead.
    --> lib/openzeppelin-contracts/lib/forge-std/src/safeconsole.sol:2110:9:
     |
2110 |         assembly {
     |         ^ (Relevant source part starts here and spans across multiple lines).

Warning (2424): Natspec memory-safe-assembly special comment for inline assembly is deprecated and scheduled for removal. Use the memory-safe block annotation instead.
    --> lib/openzeppelin-contracts/lib/forge-std/src/safeconsole.sol:2133:9:
     |
2133 |         assembly {
     |         ^ (Relevant source part starts here and spans across multiple lines).

Warning (2424): Natspec memory-safe-assembly special comment for inline assembly is deprecated and scheduled for removal. Use the memory-safe block annotation instead.
    --> lib/openzeppelin-contracts/lib/forge-std/src/safeconsole.sol:2151:9:
     |
2151 |         assembly {
     |         ^ (Relevant source part starts here and spans across multiple lines).

Warning (2424): Natspec memory-safe-assembly special comment for inline assembly is deprecated and scheduled for removal. Use the memory-safe block annotation instead.
    --> lib/openzeppelin-contracts/lib/forge-std/src/safeconsole.sol:2174:9:
     |
2174 |         assembly {
     |         ^ (Relevant source part starts here and spans across multiple lines).

Warning (2424): Natspec memory-safe-assembly special comment for inline assembly is deprecated and scheduled for removal. Use the memory-safe block annotation instead.
    --> lib/openzeppelin-contracts/lib/forge-std/src/safeconsole.sol:2192:9:
     |
2192 |         assembly {
     |         ^ (Relevant source part starts here and spans across multiple lines).

Warning (2424): Natspec memory-safe-assembly special comment for inline assembly is deprecated and scheduled for removal. Use the memory-safe block annotation instead.
    --> lib/openzeppelin-contracts/lib/forge-std/src/safeconsole.sol:2215:9:
     |
2215 |         assembly {
     |         ^ (Relevant source part starts here and spans across multiple lines).

Warning (2424): Natspec memory-safe-assembly special comment for inline assembly is deprecated and scheduled for removal. Use the memory-safe block annotation instead.
    --> lib/openzeppelin-contracts/lib/forge-std/src/safeconsole.sol:2235:9:
     |
2235 |         assembly {
     |         ^ (Relevant source part starts here and spans across multiple lines).

Warning (2424): Natspec memory-safe-assembly special comment for inline assembly is deprecated and scheduled for removal. Use the memory-safe block annotation instead.
    --> lib/openzeppelin-contracts/lib/forge-std/src/safeconsole.sol:2261:9:
     |
2261 |         assembly {
     |         ^ (Relevant source part starts here and spans across multiple lines).

Warning (2424): Natspec memory-safe-assembly special comment for inline assembly is deprecated and scheduled for removal. Use the memory-safe block annotation instead.
    --> lib/openzeppelin-contracts/lib/forge-std/src/safeconsole.sol:2281:9:
     |
2281 |         assembly {
     |         ^ (Relevant source part starts here and spans across multiple lines).

Warning (2424): Natspec memory-safe-assembly special comment for inline assembly is deprecated and scheduled for removal. Use the memory-safe block annotation instead.
    --> lib/openzeppelin-contracts/lib/forge-std/src/safeconsole.sol:2304:9:
     |
2304 |         assembly {
     |         ^ (Relevant source part starts here and spans across multiple lines).

Warning (2424): Natspec memory-safe-assembly special comment for inline assembly is deprecated and scheduled for removal. Use the memory-safe block annotation instead.
    --> lib/openzeppelin-contracts/lib/forge-std/src/safeconsole.sol:2322:9:
     |
2322 |         assembly {
     |         ^ (Relevant source part starts here and spans across multiple lines).

Warning (2424): Natspec memory-safe-assembly special comment for inline assembly is deprecated and scheduled for removal. Use the memory-safe block annotation instead.
    --> lib/openzeppelin-contracts/lib/forge-std/src/safeconsole.sol:2345:9:
     |
2345 |         assembly {
     |         ^ (Relevant source part starts here and spans across multiple lines).

Warning (2424): Natspec memory-safe-assembly special comment for inline assembly is deprecated and scheduled for removal. Use the memory-safe block annotation instead.
    --> lib/openzeppelin-contracts/lib/forge-std/src/safeconsole.sol:2363:9:
     |
2363 |         assembly {
     |         ^ (Relevant source part starts here and spans across multiple lines).

Warning (2424): Natspec memory-safe-assembly special comment for inline assembly is deprecated and scheduled for removal. Use the memory-safe block annotation instead.
    --> lib/openzeppelin-contracts/lib/forge-std/src/safeconsole.sol:2386:9:
     |
2386 |         assembly {
     |         ^ (Relevant source part starts here and spans across multiple lines).

Warning (2424): Natspec memory-safe-assembly special comment for inline assembly is deprecated and scheduled for removal. Use the memory-safe block annotation instead.
    --> lib/openzeppelin-contracts/lib/forge-std/src/safeconsole.sol:2406:9:
     |
2406 |         assembly {
     |         ^ (Relevant source part starts here and spans across multiple lines).

Warning (2424): Natspec memory-safe-assembly special comment for inline assembly is deprecated and scheduled for removal. Use the memory-safe block annotation instead.
    --> lib/openzeppelin-contracts/lib/forge-std/src/safeconsole.sol:2432:9:
     |
2432 |         assembly {
     |         ^ (Relevant source part starts here and spans across multiple lines).

Warning (2424): Natspec memory-safe-assembly special comment for inline assembly is deprecated and scheduled for removal. Use the memory-safe block annotation instead.
    --> lib/openzeppelin-contracts/lib/forge-std/src/safeconsole.sol:2452:9:
     |
2452 |         assembly {
     |         ^ (Relevant source part starts here and spans across multiple lines).

Warning (2424): Natspec memory-safe-assembly special comment for inline assembly is deprecated and scheduled for removal. Use the memory-safe block annotation instead.
    --> lib/openzeppelin-contracts/lib/forge-std/src/safeconsole.sol:2475:9:
     |
2475 |         assembly {
     |         ^ (Relevant source part starts here and spans across multiple lines).

Warning (2424): Natspec memory-safe-assembly special comment for inline assembly is deprecated and scheduled for removal. Use the memory-safe block annotation instead.
    --> lib/openzeppelin-contracts/lib/forge-std/src/safeconsole.sol:2493:9:
     |
2493 |         assembly {
     |         ^ (Relevant source part starts here and spans across multiple lines).

Warning (2424): Natspec memory-safe-assembly special comment for inline assembly is deprecated and scheduled for removal. Use the memory-safe block annotation instead.
    --> lib/openzeppelin-contracts/lib/forge-std/src/safeconsole.sol:2516:9:
     |
2516 |         assembly {
     |         ^ (Relevant source part starts here and spans across multiple lines).

Warning (2424): Natspec memory-safe-assembly special comment for inline assembly is deprecated and scheduled for removal. Use the memory-safe block annotation instead.
    --> lib/openzeppelin-contracts/lib/forge-std/src/safeconsole.sol:2534:9:
     |
2534 |         assembly {
     |         ^ (Relevant source part starts here and spans across multiple lines).

Warning (2424): Natspec memory-safe-assembly special comment for inline assembly is deprecated and scheduled for removal. Use the memory-safe block annotation instead.
    --> lib/openzeppelin-contracts/lib/forge-std/src/safeconsole.sol:2557:9:
     |
2557 |         assembly {
     |         ^ (Relevant source part starts here and spans across multiple lines).

Warning (2424): Natspec memory-safe-assembly special comment for inline assembly is deprecated and scheduled for removal. Use the memory-safe block annotation instead.
    --> lib/openzeppelin-contracts/lib/forge-std/src/safeconsole.sol:2577:9:
     |
2577 |         assembly {
     |         ^ (Relevant source part starts here and spans across multiple lines).

Warning (2424): Natspec memory-safe-assembly special comment for inline assembly is deprecated and scheduled for removal. Use the memory-safe block annotation instead.
    --> lib/openzeppelin-contracts/lib/forge-std/src/safeconsole.sol:2603:9:
     |
2603 |         assembly {
     |         ^ (Relevant source part starts here and spans across multiple lines).

Warning (2424): Natspec memory-safe-assembly special comment for inline assembly is deprecated and scheduled for removal. Use the memory-safe block annotation instead.
    --> lib/openzeppelin-contracts/lib/forge-std/src/safeconsole.sol:2623:9:
     |
2623 |         assembly {
     |         ^ (Relevant source part starts here and spans across multiple lines).

Warning (2424): Natspec memory-safe-assembly special comment for inline assembly is deprecated and scheduled for removal. Use the memory-safe block annotation instead.
    --> lib/openzeppelin-contracts/lib/forge-std/src/safeconsole.sol:2646:9:
     |
2646 |         assembly {
     |         ^ (Relevant source part starts here and spans across multiple lines).

Warning (2424): Natspec memory-safe-assembly special comment for inline assembly is deprecated and scheduled for removal. Use the memory-safe block annotation instead.
    --> lib/openzeppelin-contracts/lib/forge-std/src/safeconsole.sol:2664:9:
     |
2664 |         assembly {
     |         ^ (Relevant source part starts here and spans across multiple lines).

Warning (2424): Natspec memory-safe-assembly special comment for inline assembly is deprecated and scheduled for removal. Use the memory-safe block annotation instead.
    --> lib/openzeppelin-contracts/lib/forge-std/src/safeconsole.sol:2687:9:
     |
2687 |         assembly {
     |         ^ (Relevant source part starts here and spans across multiple lines).

Warning (2424): Natspec memory-safe-assembly special comment for inline assembly is deprecated and scheduled for removal. Use the memory-safe block annotation instead.
    --> lib/openzeppelin-contracts/lib/forge-std/src/safeconsole.sol:2705:9:
     |
2705 |         assembly {
     |         ^ (Relevant source part starts here and spans across multiple lines).

Warning (2424): Natspec memory-safe-assembly special comment for inline assembly is deprecated and scheduled for removal. Use the memory-safe block annotation instead.
    --> lib/openzeppelin-contracts/lib/forge-std/src/safeconsole.sol:2728:9:
     |
2728 |         assembly {
     |         ^ (Relevant source part starts here and spans across multiple lines).

Warning (2424): Natspec memory-safe-assembly special comment for inline assembly is deprecated and scheduled for removal. Use the memory-safe block annotation instead.
    --> lib/openzeppelin-contracts/lib/forge-std/src/safeconsole.sol:2748:9:
     |
2748 |         assembly {
     |         ^ (Relevant source part starts here and spans across multiple lines).

Warning (2424): Natspec memory-safe-assembly special comment for inline assembly is deprecated and scheduled for removal. Use the memory-safe block annotation instead.
    --> lib/openzeppelin-contracts/lib/forge-std/src/safeconsole.sol:2774:9:
     |
2774 |         assembly {
     |         ^ (Relevant source part starts here and spans across multiple lines).

Warning (2424): Natspec memory-safe-assembly special comment for inline assembly is deprecated and scheduled for removal. Use the memory-safe block annotation instead.
    --> lib/openzeppelin-contracts/lib/forge-std/src/safeconsole.sol:2796:9:
     |
2796 |         assembly {
     |         ^ (Relevant source part starts here and spans across multiple lines).

Warning (2424): Natspec memory-safe-assembly special comment for inline assembly is deprecated and scheduled for removal. Use the memory-safe block annotation instead.
    --> lib/openzeppelin-contracts/lib/forge-std/src/safeconsole.sol:2822:9:
     |
2822 |         assembly {
     |         ^ (Relevant source part starts here and spans across multiple lines).

Warning (2424): Natspec memory-safe-assembly special comment for inline assembly is deprecated and scheduled for removal. Use the memory-safe block annotation instead.
    --> lib/openzeppelin-contracts/lib/forge-std/src/safeconsole.sol:2844:9:
     |
2844 |         assembly {
     |         ^ (Relevant source part starts here and spans across multiple lines).

Warning (2424): Natspec memory-safe-assembly special comment for inline assembly is deprecated and scheduled for removal. Use the memory-safe block annotation instead.
    --> lib/openzeppelin-contracts/lib/forge-std/src/safeconsole.sol:2870:9:
     |
2870 |         assembly {
     |         ^ (Relevant source part starts here and spans across multiple lines).

Warning (2424): Natspec memory-safe-assembly special comment for inline assembly is deprecated and scheduled for removal. Use the memory-safe block annotation instead.
    --> lib/openzeppelin-contracts/lib/forge-std/src/safeconsole.sol:2892:9:
     |
2892 |         assembly {
     |         ^ (Relevant source part starts here and spans across multiple lines).

Warning (2424): Natspec memory-safe-assembly special comment for inline assembly is deprecated and scheduled for removal. Use the memory-safe block annotation instead.
    --> lib/openzeppelin-contracts/lib/forge-std/src/safeconsole.sol:2918:9:
     |
2918 |         assembly {
     |         ^ (Relevant source part starts here and spans across multiple lines).

Warning (2424): Natspec memory-safe-assembly special comment for inline assembly is deprecated and scheduled for removal. Use the memory-safe block annotation instead.
    --> lib/openzeppelin-contracts/lib/forge-std/src/safeconsole.sol:2942:9:
     |
2942 |         assembly {
     |         ^ (Relevant source part starts here and spans across multiple lines).

Warning (2424): Natspec memory-safe-assembly special comment for inline assembly is deprecated and scheduled for removal. Use the memory-safe block annotation instead.
    --> lib/openzeppelin-contracts/lib/forge-std/src/safeconsole.sol:2971:9:
     |
2971 |         assembly {
     |         ^ (Relevant source part starts here and spans across multiple lines).

Warning (2424): Natspec memory-safe-assembly special comment for inline assembly is deprecated and scheduled for removal. Use the memory-safe block annotation instead.
    --> lib/openzeppelin-contracts/lib/forge-std/src/safeconsole.sol:2992:9:
     |
2992 |         assembly {
     |         ^ (Relevant source part starts here and spans across multiple lines).

Warning (2424): Natspec memory-safe-assembly special comment for inline assembly is deprecated and scheduled for removal. Use the memory-safe block annotation instead.
    --> lib/openzeppelin-contracts/lib/forge-std/src/safeconsole.sol:3007:9:
     |
3007 |         assembly {
     |         ^ (Relevant source part starts here and spans across multiple lines).

Warning (2424): Natspec memory-safe-assembly special comment for inline assembly is deprecated and scheduled for removal. Use the memory-safe block annotation instead.
    --> lib/openzeppelin-contracts/lib/forge-std/src/safeconsole.sol:3023:9:
     |
3023 |         assembly {
     |         ^ (Relevant source part starts here and spans across multiple lines).

Warning (2424): Natspec memory-safe-assembly special comment for inline assembly is deprecated and scheduled for removal. Use the memory-safe block annotation instead.
    --> lib/openzeppelin-contracts/lib/forge-std/src/safeconsole.sol:3038:9:
     |
3038 |         assembly {
     |         ^ (Relevant source part starts here and spans across multiple lines).

Warning (2424): Natspec memory-safe-assembly special comment for inline assembly is deprecated and scheduled for removal. Use the memory-safe block annotation instead.
    --> lib/openzeppelin-contracts/lib/forge-std/src/safeconsole.sol:3054:9:
     |
3054 |         assembly {
     |         ^ (Relevant source part starts here and spans across multiple lines).

Warning (2424): Natspec memory-safe-assembly special comment for inline assembly is deprecated and scheduled for removal. Use the memory-safe block annotation instead.
    --> lib/openzeppelin-contracts/lib/forge-std/src/safeconsole.sol:3069:9:
     |
3069 |         assembly {
     |         ^ (Relevant source part starts here and spans across multiple lines).

Warning (2424): Natspec memory-safe-assembly special comment for inline assembly is deprecated and scheduled for removal. Use the memory-safe block annotation instead.
    --> lib/openzeppelin-contracts/lib/forge-std/src/safeconsole.sol:3087:9:
     |
3087 |         assembly {
     |         ^ (Relevant source part starts here and spans across multiple lines).

Warning (2424): Natspec memory-safe-assembly special comment for inline assembly is deprecated and scheduled for removal. Use the memory-safe block annotation instead.
    --> lib/openzeppelin-contracts/lib/forge-std/src/safeconsole.sol:3112:9:
     |
3112 |         assembly {
     |         ^ (Relevant source part starts here and spans across multiple lines).

Warning (2424): Natspec memory-safe-assembly special comment for inline assembly is deprecated and scheduled for removal. Use the memory-safe block annotation instead.
    --> lib/openzeppelin-contracts/lib/forge-std/src/safeconsole.sol:3130:9:
     |
3130 |         assembly {
     |         ^ (Relevant source part starts here and spans across multiple lines).

Warning (2424): Natspec memory-safe-assembly special comment for inline assembly is deprecated and scheduled for removal. Use the memory-safe block annotation instead.
    --> lib/openzeppelin-contracts/lib/forge-std/src/safeconsole.sol:3145:9:
     |
3145 |         assembly {
     |         ^ (Relevant source part starts here and spans across multiple lines).

Warning (2424): Natspec memory-safe-assembly special comment for inline assembly is deprecated and scheduled for removal. Use the memory-safe block annotation instead.
    --> lib/openzeppelin-contracts/lib/forge-std/src/safeconsole.sol:3161:9:
     |
3161 |         assembly {
     |         ^ (Relevant source part starts here and spans across multiple lines).

Warning (2424): Natspec memory-safe-assembly special comment for inline assembly is deprecated and scheduled for removal. Use the memory-safe block annotation instead.
    --> lib/openzeppelin-contracts/lib/forge-std/src/safeconsole.sol:3176:9:
     |
3176 |         assembly {
     |         ^ (Relevant source part starts here and spans across multiple lines).

Warning (2424): Natspec memory-safe-assembly special comment for inline assembly is deprecated and scheduled for removal. Use the memory-safe block annotation instead.
    --> lib/openzeppelin-contracts/lib/forge-std/src/safeconsole.sol:3192:9:
     |
3192 |         assembly {
     |         ^ (Relevant source part starts here and spans across multiple lines).

Warning (2424): Natspec memory-safe-assembly special comment for inline assembly is deprecated and scheduled for removal. Use the memory-safe block annotation instead.
    --> lib/openzeppelin-contracts/lib/forge-std/src/safeconsole.sol:3207:9:
     |
3207 |         assembly {
     |         ^ (Relevant source part starts here and spans across multiple lines).

Warning (2424): Natspec memory-safe-assembly special comment for inline assembly is deprecated and scheduled for removal. Use the memory-safe block annotation instead.
    --> lib/openzeppelin-contracts/lib/forge-std/src/safeconsole.sol:3225:9:
     |
3225 |         assembly {
     |         ^ (Relevant source part starts here and spans across multiple lines).

Warning (2424): Natspec memory-safe-assembly special comment for inline assembly is deprecated and scheduled for removal. Use the memory-safe block annotation instead.
    --> lib/openzeppelin-contracts/lib/forge-std/src/safeconsole.sol:3250:9:
     |
3250 |         assembly {
     |         ^ (Relevant source part starts here and spans across multiple lines).

Warning (2424): Natspec memory-safe-assembly special comment for inline assembly is deprecated and scheduled for removal. Use the memory-safe block annotation instead.
    --> lib/openzeppelin-contracts/lib/forge-std/src/safeconsole.sol:3268:9:
     |
3268 |         assembly {
     |         ^ (Relevant source part starts here and spans across multiple lines).

Warning (2424): Natspec memory-safe-assembly special comment for inline assembly is deprecated and scheduled for removal. Use the memory-safe block annotation instead.
    --> lib/openzeppelin-contracts/lib/forge-std/src/safeconsole.sol:3283:9:
     |
3283 |         assembly {
     |         ^ (Relevant source part starts here and spans across multiple lines).

Warning (2424): Natspec memory-safe-assembly special comment for inline assembly is deprecated and scheduled for removal. Use the memory-safe block annotation instead.
    --> lib/openzeppelin-contracts/lib/forge-std/src/safeconsole.sol:3299:9:
     |
3299 |         assembly {
     |         ^ (Relevant source part starts here and spans across multiple lines).

Warning (2424): Natspec memory-safe-assembly special comment for inline assembly is deprecated and scheduled for removal. Use the memory-safe block annotation instead.
    --> lib/openzeppelin-contracts/lib/forge-std/src/safeconsole.sol:3314:9:
     |
3314 |         assembly {
     |         ^ (Relevant source part starts here and spans across multiple lines).

Warning (2424): Natspec memory-safe-assembly special comment for inline assembly is deprecated and scheduled for removal. Use the memory-safe block annotation instead.
    --> lib/openzeppelin-contracts/lib/forge-std/src/safeconsole.sol:3330:9:
     |
3330 |         assembly {
     |         ^ (Relevant source part starts here and spans across multiple lines).

Warning (2424): Natspec memory-safe-assembly special comment for inline assembly is deprecated and scheduled for removal. Use the memory-safe block annotation instead.
    --> lib/openzeppelin-contracts/lib/forge-std/src/safeconsole.sol:3345:9:
     |
3345 |         assembly {
     |         ^ (Relevant source part starts here and spans across multiple lines).

Warning (2424): Natspec memory-safe-assembly special comment for inline assembly is deprecated and scheduled for removal. Use the memory-safe block annotation instead.
    --> lib/openzeppelin-contracts/lib/forge-std/src/safeconsole.sol:3363:9:
     |
3363 |         assembly {
     |         ^ (Relevant source part starts here and spans across multiple lines).

Warning (2424): Natspec memory-safe-assembly special comment for inline assembly is deprecated and scheduled for removal. Use the memory-safe block annotation instead.
    --> lib/openzeppelin-contracts/lib/forge-std/src/safeconsole.sol:3388:9:
     |
3388 |         assembly {
     |         ^ (Relevant source part starts here and spans across multiple lines).

Warning (2424): Natspec memory-safe-assembly special comment for inline assembly is deprecated and scheduled for removal. Use the memory-safe block annotation instead.
    --> lib/openzeppelin-contracts/lib/forge-std/src/safeconsole.sol:3408:9:
     |
3408 |         assembly {
     |         ^ (Relevant source part starts here and spans across multiple lines).

Warning (2424): Natspec memory-safe-assembly special comment for inline assembly is deprecated and scheduled for removal. Use the memory-safe block annotation instead.
    --> lib/openzeppelin-contracts/lib/forge-std/src/safeconsole.sol:3433:9:
     |
3433 |         assembly {
     |         ^ (Relevant source part starts here and spans across multiple lines).

Warning (2424): Natspec memory-safe-assembly special comment for inline assembly is deprecated and scheduled for removal. Use the memory-safe block annotation instead.
    --> lib/openzeppelin-contracts/lib/forge-std/src/safeconsole.sol:3453:9:
     |
3453 |         assembly {
     |         ^ (Relevant source part starts here and spans across multiple lines).

Warning (2424): Natspec memory-safe-assembly special comment for inline assembly is deprecated and scheduled for removal. Use the memory-safe block annotation instead.
    --> lib/openzeppelin-contracts/lib/forge-std/src/safeconsole.sol:3478:9:
     |
3478 |         assembly {
     |         ^ (Relevant source part starts here and spans across multiple lines).

Warning (2424): Natspec memory-safe-assembly special comment for inline assembly is deprecated and scheduled for removal. Use the memory-safe block annotation instead.
    --> lib/openzeppelin-contracts/lib/forge-std/src/safeconsole.sol:3498:9:
     |
3498 |         assembly {
     |         ^ (Relevant source part starts here and spans across multiple lines).

Warning (2424): Natspec memory-safe-assembly special comment for inline assembly is deprecated and scheduled for removal. Use the memory-safe block annotation instead.
    --> lib/openzeppelin-contracts/lib/forge-std/src/safeconsole.sol:3523:9:
     |
3523 |         assembly {
     |         ^ (Relevant source part starts here and spans across multiple lines).

Warning (2424): Natspec memory-safe-assembly special comment for inline assembly is deprecated and scheduled for removal. Use the memory-safe block annotation instead.
    --> lib/openzeppelin-contracts/lib/forge-std/src/safeconsole.sol:3545:9:
     |
3545 |         assembly {
     |         ^ (Relevant source part starts here and spans across multiple lines).

Warning (2424): Natspec memory-safe-assembly special comment for inline assembly is deprecated and scheduled for removal. Use the memory-safe block annotation instead.
    --> lib/openzeppelin-contracts/lib/forge-std/src/safeconsole.sol:3573:9:
     |
3573 |         assembly {
     |         ^ (Relevant source part starts here and spans across multiple lines).

Warning (2424): Natspec memory-safe-assembly special comment for inline assembly is deprecated and scheduled for removal. Use the memory-safe block annotation instead.
    --> lib/openzeppelin-contracts/lib/forge-std/src/safeconsole.sol:3593:9:
     |
3593 |         assembly {
     |         ^ (Relevant source part starts here and spans across multiple lines).

Warning (2424): Natspec memory-safe-assembly special comment for inline assembly is deprecated and scheduled for removal. Use the memory-safe block annotation instead.
    --> lib/openzeppelin-contracts/lib/forge-std/src/safeconsole.sol:3608:9:
     |
3608 |         assembly {
     |         ^ (Relevant source part starts here and spans across multiple lines).

Warning (2424): Natspec memory-safe-assembly special comment for inline assembly is deprecated and scheduled for removal. Use the memory-safe block annotation instead.
    --> lib/openzeppelin-contracts/lib/forge-std/src/safeconsole.sol:3624:9:
     |
3624 |         assembly {
     |         ^ (Relevant source part starts here and spans across multiple lines).

Warning (2424): Natspec memory-safe-assembly special comment for inline assembly is deprecated and scheduled for removal. Use the memory-safe block annotation instead.
    --> lib/openzeppelin-contracts/lib/forge-std/src/safeconsole.sol:3639:9:
     |
3639 |         assembly {
     |         ^ (Relevant source part starts here and spans across multiple lines).

Warning (2424): Natspec memory-safe-assembly special comment for inline assembly is deprecated and scheduled for removal. Use the memory-safe block annotation instead.
    --> lib/openzeppelin-contracts/lib/forge-std/src/safeconsole.sol:3655:9:
     |
3655 |         assembly {
     |         ^ (Relevant source part starts here and spans across multiple lines).

Warning (2424): Natspec memory-safe-assembly special comment for inline assembly is deprecated and scheduled for removal. Use the memory-safe block annotation instead.
    --> lib/openzeppelin-contracts/lib/forge-std/src/safeconsole.sol:3670:9:
     |
3670 |         assembly {
     |         ^ (Relevant source part starts here and spans across multiple lines).

Warning (2424): Natspec memory-safe-assembly special comment for inline assembly is deprecated and scheduled for removal. Use the memory-safe block annotation instead.
    --> lib/openzeppelin-contracts/lib/forge-std/src/safeconsole.sol:3688:9:
     |
3688 |         assembly {
     |         ^ (Relevant source part starts here and spans across multiple lines).

Warning (2424): Natspec memory-safe-assembly special comment for inline assembly is deprecated and scheduled for removal. Use the memory-safe block annotation instead.
    --> lib/openzeppelin-contracts/lib/forge-std/src/safeconsole.sol:3713:9:
     |
3713 |         assembly {
     |         ^ (Relevant source part starts here and spans across multiple lines).

Warning (2424): Natspec memory-safe-assembly special comment for inline assembly is deprecated and scheduled for removal. Use the memory-safe block annotation instead.
    --> lib/openzeppelin-contracts/lib/forge-std/src/safeconsole.sol:3731:9:
     |
3731 |         assembly {
     |         ^ (Relevant source part starts here and spans across multiple lines).

Warning (2424): Natspec memory-safe-assembly special comment for inline assembly is deprecated and scheduled for removal. Use the memory-safe block annotation instead.
    --> lib/openzeppelin-contracts/lib/forge-std/src/safeconsole.sol:3746:9:
     |
3746 |         assembly {
     |         ^ (Relevant source part starts here and spans across multiple lines).

Warning (2424): Natspec memory-safe-assembly special comment for inline assembly is deprecated and scheduled for removal. Use the memory-safe block annotation instead.
    --> lib/openzeppelin-contracts/lib/forge-std/src/safeconsole.sol:3762:9:
     |
3762 |         assembly {
     |         ^ (Relevant source part starts here and spans across multiple lines).

Warning (2424): Natspec memory-safe-assembly special comment for inline assembly is deprecated and scheduled for removal. Use the memory-safe block annotation instead.
    --> lib/openzeppelin-contracts/lib/forge-std/src/safeconsole.sol:3777:9:
     |
3777 |         assembly {
     |         ^ (Relevant source part starts here and spans across multiple lines).

Warning (2424): Natspec memory-safe-assembly special comment for inline assembly is deprecated and scheduled for removal. Use the memory-safe block annotation instead.
    --> lib/openzeppelin-contracts/lib/forge-std/src/safeconsole.sol:3793:9:
     |
3793 |         assembly {
     |         ^ (Relevant source part starts here and spans across multiple lines).

Warning (2424): Natspec memory-safe-assembly special comment for inline assembly is deprecated and scheduled for removal. Use the memory-safe block annotation instead.
    --> lib/openzeppelin-contracts/lib/forge-std/src/safeconsole.sol:3808:9:
     |
3808 |         assembly {
     |         ^ (Relevant source part starts here and spans across multiple lines).

Warning (2424): Natspec memory-safe-assembly special comment for inline assembly is deprecated and scheduled for removal. Use the memory-safe block annotation instead.
    --> lib/openzeppelin-contracts/lib/forge-std/src/safeconsole.sol:3826:9:
     |
3826 |         assembly {
     |         ^ (Relevant source part starts here and spans across multiple lines).

Warning (2424): Natspec memory-safe-assembly special comment for inline assembly is deprecated and scheduled for removal. Use the memory-safe block annotation instead.
    --> lib/openzeppelin-contracts/lib/forge-std/src/safeconsole.sol:3851:9:
     |
3851 |         assembly {
     |         ^ (Relevant source part starts here and spans across multiple lines).

Warning (2424): Natspec memory-safe-assembly special comment for inline assembly is deprecated and scheduled for removal. Use the memory-safe block annotation instead.
    --> lib/openzeppelin-contracts/lib/forge-std/src/safeconsole.sol:3869:9:
     |
3869 |         assembly {
     |         ^ (Relevant source part starts here and spans across multiple lines).

Warning (2424): Natspec memory-safe-assembly special comment for inline assembly is deprecated and scheduled for removal. Use the memory-safe block annotation instead.
    --> lib/openzeppelin-contracts/lib/forge-std/src/safeconsole.sol:3884:9:
     |
3884 |         assembly {
     |         ^ (Relevant source part starts here and spans across multiple lines).

Warning (2424): Natspec memory-safe-assembly special comment for inline assembly is deprecated and scheduled for removal. Use the memory-safe block annotation instead.
    --> lib/openzeppelin-contracts/lib/forge-std/src/safeconsole.sol:3900:9:
     |
3900 |         assembly {
     |         ^ (Relevant source part starts here and spans across multiple lines).

Warning (2424): Natspec memory-safe-assembly special comment for inline assembly is deprecated and scheduled for removal. Use the memory-safe block annotation instead.
    --> lib/openzeppelin-contracts/lib/forge-std/src/safeconsole.sol:3915:9:
     |
3915 |         assembly {
     |         ^ (Relevant source part starts here and spans across multiple lines).

Warning (2424): Natspec memory-safe-assembly special comment for inline assembly is deprecated and scheduled for removal. Use the memory-safe block annotation instead.
    --> lib/openzeppelin-contracts/lib/forge-std/src/safeconsole.sol:3931:9:
     |
3931 |         assembly {
     |         ^ (Relevant source part starts here and spans across multiple lines).

Warning (2424): Natspec memory-safe-assembly special comment for inline assembly is deprecated and scheduled for removal. Use the memory-safe block annotation instead.
    --> lib/openzeppelin-contracts/lib/forge-std/src/safeconsole.sol:3946:9:
     |
3946 |         assembly {
     |         ^ (Relevant source part starts here and spans across multiple lines).

Warning (2424): Natspec memory-safe-assembly special comment for inline assembly is deprecated and scheduled for removal. Use the memory-safe block annotation instead.
    --> lib/openzeppelin-contracts/lib/forge-std/src/safeconsole.sol:3964:9:
     |
3964 |         assembly {
     |         ^ (Relevant source part starts here and spans across multiple lines).

Warning (2424): Natspec memory-safe-assembly special comment for inline assembly is deprecated and scheduled for removal. Use the memory-safe block annotation instead.
    --> lib/openzeppelin-contracts/lib/forge-std/src/safeconsole.sol:3989:9:
     |
3989 |         assembly {
     |         ^ (Relevant source part starts here and spans across multiple lines).

Warning (2424): Natspec memory-safe-assembly special comment for inline assembly is deprecated and scheduled for removal. Use the memory-safe block annotation instead.
    --> lib/openzeppelin-contracts/lib/forge-std/src/safeconsole.sol:4009:9:
     |
4009 |         assembly {
     |         ^ (Relevant source part starts here and spans across multiple lines).

Warning (2424): Natspec memory-safe-assembly special comment for inline assembly is deprecated and scheduled for removal. Use the memory-safe block annotation instead.
    --> lib/openzeppelin-contracts/lib/forge-std/src/safeconsole.sol:4034:9:
     |
4034 |         assembly {
     |         ^ (Relevant source part starts here and spans across multiple lines).

Warning (2424): Natspec memory-safe-assembly special comment for inline assembly is deprecated and scheduled for removal. Use the memory-safe block annotation instead.
    --> lib/openzeppelin-contracts/lib/forge-std/src/safeconsole.sol:4054:9:
     |
4054 |         assembly {
     |         ^ (Relevant source part starts here and spans across multiple lines).

Warning (2424): Natspec memory-safe-assembly special comment for inline assembly is deprecated and scheduled for removal. Use the memory-safe block annotation instead.
    --> lib/openzeppelin-contracts/lib/forge-std/src/safeconsole.sol:4079:9:
     |
4079 |         assembly {
     |         ^ (Relevant source part starts here and spans across multiple lines).

Warning (2424): Natspec memory-safe-assembly special comment for inline assembly is deprecated and scheduled for removal. Use the memory-safe block annotation instead.
    --> lib/openzeppelin-contracts/lib/forge-std/src/safeconsole.sol:4099:9:
     |
4099 |         assembly {
     |         ^ (Relevant source part starts here and spans across multiple lines).

Warning (2424): Natspec memory-safe-assembly special comment for inline assembly is deprecated and scheduled for removal. Use the memory-safe block annotation instead.
    --> lib/openzeppelin-contracts/lib/forge-std/src/safeconsole.sol:4124:9:
     |
4124 |         assembly {
     |         ^ (Relevant source part starts here and spans across multiple lines).

Warning (2424): Natspec memory-safe-assembly special comment for inline assembly is deprecated and scheduled for removal. Use the memory-safe block annotation instead.
    --> lib/openzeppelin-contracts/lib/forge-std/src/safeconsole.sol:4146:9:
     |
4146 |         assembly {
     |         ^ (Relevant source part starts here and spans across multiple lines).

Warning (2424): Natspec memory-safe-assembly special comment for inline assembly is deprecated and scheduled for removal. Use the memory-safe block annotation instead.
    --> lib/openzeppelin-contracts/lib/forge-std/src/safeconsole.sol:4174:9:
     |
4174 |         assembly {
     |         ^ (Relevant source part starts here and spans across multiple lines).

Warning (2424): Natspec memory-safe-assembly special comment for inline assembly is deprecated and scheduled for removal. Use the memory-safe block annotation instead.
    --> lib/openzeppelin-contracts/lib/forge-std/src/safeconsole.sol:4194:9:
     |
4194 |         assembly {
     |         ^ (Relevant source part starts here and spans across multiple lines).

Warning (2424): Natspec memory-safe-assembly special comment for inline assembly is deprecated and scheduled for removal. Use the memory-safe block annotation instead.
    --> lib/openzeppelin-contracts/lib/forge-std/src/safeconsole.sol:4209:9:
     |
4209 |         assembly {
     |         ^ (Relevant source part starts here and spans across multiple lines).

Warning (2424): Natspec memory-safe-assembly special comment for inline assembly is deprecated and scheduled for removal. Use the memory-safe block annotation instead.
    --> lib/openzeppelin-contracts/lib/forge-std/src/safeconsole.sol:4225:9:
     |
4225 |         assembly {
     |         ^ (Relevant source part starts here and spans across multiple lines).

Warning (2424): Natspec memory-safe-assembly special comment for inline assembly is deprecated and scheduled for removal. Use the memory-safe block annotation instead.
    --> lib/openzeppelin-contracts/lib/forge-std/src/safeconsole.sol:4240:9:
     |
4240 |         assembly {
     |         ^ (Relevant source part starts here and spans across multiple lines).

Warning (2424): Natspec memory-safe-assembly special comment for inline assembly is deprecated and scheduled for removal. Use the memory-safe block annotation instead.
    --> lib/openzeppelin-contracts/lib/forge-std/src/safeconsole.sol:4256:9:
     |
4256 |         assembly {
     |         ^ (Relevant source part starts here and spans across multiple lines).

Warning (4591): There are more than 256 warnings. Ignoring the rest.

Ran 3 tests for test/PLATELaunchV2.t.sol:PLATELaunchV2Test
[PASS] test_Launch_BootstrapRefPriceWithThinLiquidity() (gas: 4847280)
[PASS] test_Launch_FirstLegitimateFeeSwapAfterBootstrap() (gas: 538266)
[PASS] test_Launch_ThinPoolTWAPManipulationBlocked() (gas: 321294)
Suite result: ok. 3 passed; 0 failed; 0 skipped; finished in 8.25ms (4.84ms CPU time)

Ran 24 tests for test/SAV.t.sol:PLATEStakingTest
[PASS] test_Deploy_PlateTokenSet() (gas: 10755)
[PASS] test_Deploy_RevertsOnZeroPlate() (gas: 38424)
[PASS] test_Deploy_RevertsOnZeroTreasury() (gas: 38525)
[PASS] test_Deploy_SAVNotLocked() (gas: 10656)
[PASS] test_Deploy_TreasurySet() (gas: 10691)
[PASS] test_EmergencyWithdraw_EmitsEvent() (gas: 146624)
[PASS] test_EmergencyWithdraw_ResetsTotalStaked() (gas: 146467)
[PASS] test_EmergencyWithdraw_RevertsForNonTreasury() (gas: 176828)
[PASS] test_EmergencyWithdraw_RevertsIfEmpty() (gas: 16458)
[PASS] test_EmergencyWithdraw_TransfersToTreasury() (gas: 149463)
[PASS] test_GetStaked_ReturnsCorrectAmount() (gas: 174596)
[PASS] test_GetTotalStaked_ReturnsCorrectAmount() (gas: 174300)
[PASS] test_SetSAV_EmitsEvent() (gas: 37926)
[PASS] test_SetSAV_LocksContract() (gas: 39186)
[PASS] test_SetSAV_RevertsForNonTreasury() (gas: 13258)
[PASS] test_SetSAV_RevertsIfCalledTwice() (gas: 38219)
[PASS] test_SetSAV_RevertsOnZeroAddress() (gas: 13303)
[PASS] test_Stake_AccumulatesMultipleStakes() (gas: 184439)
[PASS] test_Stake_EmitsEvent() (gas: 175022)
[PASS] test_Stake_RecordsAmount() (gas: 175761)
[PASS] test_Stake_RevertsForNonSAV() (gas: 42357)
[PASS] test_Stake_RevertsIfSAVNotSet() (gas: 15394)
[PASS] test_Stake_RevertsOnZeroMember() (gas: 98864)
[PASS] test_Stake_TransfersPLATE() (gas: 174559)
Suite result: ok. 24 passed; 0 failed; 0 skipped; finished in 5.44ms (5.11ms CPU time)

Ran 76 tests for test/SAV.t.sol:SAVTest
[PASS] test_ApproveInvent_AllFourCanApprove() (gas: 312285)
[PASS] test_ApproveInvent_EmitsEvent() (gas: 231680)
[PASS] test_ApproveInvent_IncrementsApprovals() (gas: 231250)
[PASS] test_ApproveInvent_RevertsForNonCouncilMember() (gas: 188511)
[PASS] test_ApproveInvent_RevertsIfAlreadyApproved() (gas: 232107)
[PASS] test_ApproveInvent_RevertsIfExpired() (gas: 187383)
[PASS] test_ApproveInvent_RevertsIfProposalNotFound() (gas: 15683)
[PASS] test_Burn_EmitsEvent() (gas: 176150)
[PASS] test_Burn_ReducesClaimable() (gas: 175904)
[PASS] test_Burn_RevertsExceedsClaimable() (gas: 147441)
[PASS] test_Burn_RevertsForNonCouncilMember() (gas: 146988)
[PASS] test_Burn_RevertsWhenPaused() (gas: 169476)
[PASS] test_Burn_RevertsWhenSlashed() (gas: 153737)
[PASS] test_Burn_SendsToDead() (gas: 178708)
[PASS] test_Deploy_CouncilAddressesSet() (gas: 20856)
[PASS] test_Deploy_NotPaused() (gas: 10636)
[PASS] test_Deploy_NotSlashed() (gas: 10495)
[PASS] test_Deploy_PlateTokenSet() (gas: 10707)
[PASS] test_Deploy_RevertsOnZeroCouncilAddress() (gas: 52245)
[PASS] test_Deploy_RevertsOnZeroPlate() (gas: 51990)
[PASS] test_Deploy_RevertsOnZeroStaking() (gas: 51976)
[PASS] test_Deploy_RevertsOnZeroTreasury() (gas: 51959)
[PASS] test_Deploy_StakingSet() (gas: 10672)
[PASS] test_Deploy_TreasurySet() (gas: 10686)
[PASS] test_Deposit_AccumulatesAcrossMultipleCalls() (gas: 156720)
[PASS] test_Deposit_EmitsEvent() (gas: 144958)
[PASS] test_Deposit_RemainderReturnedToTreasury() (gas: 151606)
[PASS] test_Deposit_RevertsForNonTreasury() (gas: 11036)
[PASS] test_Deposit_RevertsWhenSlashed() (gas: 152017)
[PASS] test_Deposit_SplitsEvenlyAcrossFour() (gas: 157230)
[PASS] test_GetClaimable_ReturnsCorrectAmount() (gas: 146618)
[PASS] test_GetProposalStatus_ReturnsCorrectState() (gas: 187346)
[PASS] test_Integration_BurnAndStakeFromSameMember() (gas: 266093)
[PASS] test_Integration_FullInventCycle() (gas: 323477)
[PASS] test_Integration_PauseBlocksAllSpend() (gas: 173492)
[PASS] test_Integration_UnpauseRestoresSpend() (gas: 179456)
[PASS] test_Invent_DeductsEquallyFromAllFour() (gas: 328475)
[PASS] test_Invent_EmitAmountIsDeductEachTimesFour() (gas: 318383)
[PASS] test_Invent_EmitsEvent() (gas: 318153)
[PASS] test_Invent_MarksExecuted() (gas: 317653)
[PASS] test_Invent_RevertsForNonTreasury() (gas: 287447)
[PASS] test_Invent_RevertsIfAlreadyExecuted() (gas: 318487)
[PASS] test_Invent_RevertsIfExpired() (gas: 286377)
[PASS] test_Invent_RevertsIfInsufficientClaimable() (gas: 286745)
[PASS] test_Invent_RevertsIfThresholdNotMet() (gas: 259235)
[PASS] test_Invent_TransfersTreasury() (gas: 320497)
[PASS] test_Pause_EmitsEvent() (gas: 35490)
[PASS] test_Pause_RevertsForNonTreasury() (gas: 11020)
[PASS] test_Pause_SetsPausedFlag() (gas: 35153)
[PASS] test_ProposeInvent_AllowsReproposalAfterExpiry() (gas: 194684)
[PASS] test_ProposeInvent_ClearsPriorApprovalsOnReproposal() (gas: 240471)
[PASS] test_ProposeInvent_EmitsEvent() (gas: 186883)
[PASS] test_ProposeInvent_ReproposalAfterExpiryAllowsFreshApprovals() (gas: 337679)
[PASS] test_ProposeInvent_RevertsForNonCouncilMember() (gas: 147102)
[PASS] test_ProposeInvent_RevertsIfStillActive() (gas: 189262)
[PASS] test_ProposeInvent_RevertsWhenPaused() (gas: 169525)
[PASS] test_ProposeInvent_RevertsWhenSlashed() (gas: 153881)
[PASS] test_ProposeInvent_SetsExpiry() (gas: 186481)
[PASS] test_Slash_EmitsEvent() (gas: 151634)
[PASS] test_Slash_PermanentlyInerts() (gas: 155390)
[PASS] test_Slash_RevertsForNonTreasury() (gas: 146654)
[PASS] test_Slash_RevertsIfEmpty() (gas: 16497)
[PASS] test_Slash_SendsToDead() (gas: 154021)
[PASS] test_Slash_SetsSlashedFlag() (gas: 151487)
[PASS] test_Slash_ZeroesAllClaimable() (gas: 161692)
[PASS] test_Stake_EmitsEvent() (gas: 233646)
[PASS] test_Stake_RecordsInStakingContract() (gas: 236444)
[PASS] test_Stake_ReducesClaimable() (gas: 233269)
[PASS] test_Stake_RevertsExceedsClaimable() (gas: 147330)
[PASS] test_Stake_RevertsForNonCouncilMember() (gas: 146896)
[PASS] test_Stake_RevertsWhenPaused() (gas: 169452)
[PASS] test_Stake_RevertsWhenSlashed() (gas: 153736)
[PASS] test_Stake_TransfersPLATEToStaking() (gas: 237234)
[PASS] test_Unpause_ClearsPausedFlag() (gas: 26035)
[PASS] test_Unpause_EmitsEvent() (gas: 26347)
[PASS] test_Unpause_RevertsForNonTreasury() (gas: 37592)
Suite result: ok. 76 passed; 0 failed; 0 skipped; finished in 12.70ms (9.91ms CPU time)

Ran 29 tests for test/Gauntlet.t.sol:PLATEAttackTest
[PASS] testFuzz_Attack_FeeInvariantsHold(uint256) (runs: 256, μ: 113349, ~: 113426)
[PASS] test_Attack_BelowBatchSpam() (gas: 238678)
[PASS] test_Attack_CircuitBreakerBypass() (gas: 51965)
[PASS] test_Attack_DAIReserveDrain() (gas: 361439)
[PASS] test_Attack_ExtremeOracleManipulation() (gas: 176878)
[PASS] test_Attack_FeesRestoredOnRouterFailure() (gas: 176946)
[PASS] test_Attack_ForceInjectedETH() (gas: 429454)
[PASS] test_Attack_HarvestBeforeStaking() (gas: 35446)
[PASS] test_Attack_LP_NoPriceAvailable() (gas: 327724)
[PASS] test_Attack_LP_SlippageBreach_ZeroPlateReturned() (gas: 321607)
[PASS] test_Attack_LP_TWAP_Manipulation() (gas: 295222)
[PASS] test_Attack_PrincipalErosion() (gas: 288726)
[PASS] test_Attack_RapidSwapAttempts() (gas: 201696)
[PASS] test_Attack_ReentrancyOnSwap() (gas: 163231)
[PASS] test_Attack_UnauthorizedAccess() (gas: 67486)
[PASS] test_Attack_V2LP_SwapFails() (gas: 318633)
[PASS] test_Attack_V2LP_SwapSucceedsLPFails() (gas: 447462)
[PASS] test_Attack_V2LP_ZeroResidualBalances() (gas: 383684)
[PASS] test_Harvest_DepegDoesNotBypassPrincipal() (gas: 558916)
[PASS] test_Harvest_Depeg_RevertsCleanly() (gas: 293140)
[PASS] test_Harvest_DustYield_HandledCorrectly() (gas: 337132)
[PASS] test_Harvest_FullCycleIntegrity() (gas: 538729)
[PASS] test_Harvest_FullCycle_ValueConserved() (gas: 476385)
[PASS] test_Harvest_OracleJitter_CannotShavePrincipal() (gas: 565683)
[PASS] test_Harvest_RepeatedCalls_RevertsAfterFirst() (gas: 462653)
[PASS] test_Yield_FlashLoanSandwich_SymmetryGuardBlocks() (gas: 369825)
[PASS] test_Yield_NoCrossCycleDrift() (gas: 580617)
[PASS] test_Yield_NoRecursiveAmplification() (gas: 373004)
[PASS] test_Yield_OnlyYieldRouted_PrincipalUntouched() (gas: 378080)
Suite result: ok. 29 passed; 0 failed; 0 skipped; finished in 56.99ms (58.97ms CPU time)

Ran 98 tests for test/PLATE.t.sol:PLATETest
[PASS] testFuzz_FeeConservation(uint256) (runs: 256, μ: 105598, ~: 109485)
[PASS] testFuzz_FeeMath(uint256) (runs: 256, μ: 103264, ~: 106529)
[PASS] testFuzz_Invariant_ETHConservation(uint256) (runs: 256, μ: 342813, ~: 341934)
[PASS] testFuzz_Invariant_ETHConservation_LPFailed(uint256) (runs: 256, μ: 303603, ~: 303639)
[PASS] testFuzz_Invariant_GasDeterminism(uint256) (runs: 256, μ: 803759, ~: 810749)
[PASS] testFuzz_Invariant_PrincipalSanctity(uint256) (runs: 256, μ: 348244, ~: 348288)
[PASS] testFuzz_Invariant_SymmetryGuard(uint256) (runs: 256, μ: 280343, ~: 273995)
[PASS] testFuzz_Invariant_SymmetryGuard_AllowsLegitimate(uint256) (runs: 256, μ: 301649, ~: 301682)
[PASS] testFuzz_PrincipalNeverExceedsLSTBalance(uint256) (runs: 256, μ: 337068, ~: 336291)
[PASS] testFuzz_TimelockBounded(uint256) (runs: 256, μ: 42008, ~: 42262)
[PASS] test_CB_HarvestRevertsWhenPaused() (gas: 40165)
[PASS] test_CB_OnlyOwnerCanPause() (gas: 13245)
[PASS] test_CB_PauseEmitsEvent() (gas: 34982)
[PASS] test_CB_PauseSetsFlag() (gas: 35138)
[PASS] test_CB_QueueResumeCreatesTimelock() (gas: 61530)
[PASS] test_CB_ResumeRevertsBeforeTimelock() (gas: 61167)
[PASS] test_CB_ResumeSucceedsAfterTimelock() (gas: 47206)
[PASS] test_CB_RouteETHRevertsWhenPaused() (gas: 40678)
[PASS] test_CB_SwapRevertsWhenPaused() (gas: 86857)
[PASS] test_CB_TransfersWorkWhenPaused() (gas: 77062)
[PASS] test_DAISwap_ChainlinkFeedUsedWhenFresh() (gas: 345165)
[PASS] test_DAISwap_FallsBackToTreasuryWhenSwapReverts() (gas: 292781)
[PASS] test_DAISwap_FallsBackWhenFeedReverts() (gas: 307690)
[PASS] test_DAISwap_FallsBackWhenFeedStale() (gas: 295374)
[PASS] test_DAISwap_FullEventEmittedWhenTargetCrossed() (gas: 459126)
[PASS] test_DAISwap_ReserveIncrementsByActualDAI() (gas: 346987)
[PASS] test_Depeg_PausesCbETHBelowThreshold() (gas: 298121)
[PASS] test_Depeg_ResumesCbETHOnRecovery() (gas: 464990)
[PASS] test_Depeg_RevertingFeedCaughtSilently() (gas: 342315)
[PASS] test_Depeg_StaleFeedSkipped() (gas: 296518)
[PASS] test_Depeg_ZeroAddressFeedSkipped() (gas: 5068045)
[PASS] test_Deploy_ChainlinkDAIFeedSet() (gas: 13205)
[PASS] test_Deploy_ExclusionsSet() (gas: 16881)
[PASS] test_Deploy_IsDEXPairSetForLP() (gas: 13226)
[PASS] test_Deploy_RevertsOnZeroDAI() (gas: 219715)
[PASS] test_Deploy_RevertsOnZeroLP() (gas: 219601)
[PASS] test_Deploy_RevertsOnZeroRefPrice() (gas: 219706)
[PASS] test_Deploy_RevertsOnZeroRouter() (gas: 219628)
[PASS] test_Deploy_RouterApprovalSet() (gas: 13338)
[PASS] test_Deploy_TotalSupplyMintedToDeployer() (gas: 11969)
[PASS] test_Fee_CollectedOnSwapFromPair() (gas: 149282)
[PASS] test_Fee_CollectedOnSwapToPair() (gas: 102082)
[PASS] test_Fee_EventEmittedCorrectly() (gas: 103089)
[PASS] test_Fee_ExactMath() (gas: 104848)
[PASS] test_Fee_PausedRoutingSkipsFeeCollection() (gas: 80856)
[PASS] test_Fee_PendingFeesIncrements() (gas: 112630)
[PASS] test_Fee_ZeroForExcludedAddress() (gas: 63874)
[PASS] test_Fee_ZeroOnWalletTransfer() (gas: 54525)
[PASS] test_Harvest_ETHDeltaMeasuredCorrectly() (gas: 500262)
[PASS] test_Harvest_EventEmitted() (gas: 412601)
[PASS] test_Harvest_OnlyTakesAboveCbETHPrincipal() (gas: 415353)
[PASS] test_Harvest_OnlyTakesAboveRETHPrincipal() (gas: 414803)
[PASS] test_Harvest_RevertsWhenLSTEqualsPrincipal() (gas: 329760)
[PASS] test_Harvest_RevertsWhenNoYield() (gas: 35490)
[PASS] test_Harvest_Splits25To75() (gas: 512057)
[PASS] test_IsDaiReserveFull_CorrectState() (gas: 168998)
[PASS] test_PayAPI_DecrementsReserve() (gas: 199159)
[PASS] test_PayAPI_EventEmitted() (gas: 198544)
[PASS] test_PayAPI_RevertsForNonTreasury() (gas: 13300)
[PASS] test_PayAPI_RevertsInsufficientReserve() (gas: 13436)
[PASS] test_PayAPI_TransfersDAI() (gas: 198159)
[PASS] test_PreparePool_OneTimeOnly() (gas: 39440)
[PASS] test_PreparePool_OnlyOwner() (gas: 13221)
[PASS] test_PreparePool_SetsFlag() (gas: 41075)
[PASS] test_RouteETH_AllocationsComputedUpfront() (gas: 417080)
[PASS] test_RouteETH_DAISkippedWhenReserveFull() (gas: 395156)
[PASS] test_RouteETH_EventEmitted() (gas: 354232)
[PASS] test_RouteETH_RevertsForNonOwner() (gas: 18507)
[PASS] test_RouteETH_RevertsIfNoETH() (gas: 18056)
[PASS] test_SpotPrice_10SecondWindow() (gas: 22319)
[PASS] test_Staking_AllocationsSum100Percent() (gas: 438748)
[PASS] test_Staking_CbETHReceives40Percent() (gas: 328767)
[PASS] test_Staking_EventEmitted() (gas: 324904)
[PASS] test_Staking_PrincipalIncrements() (gas: 462277)
[PASS] test_Staking_RETHReceives60Percent() (gas: 328857)
[PASS] test_Staking_WhenCbETHPaused_RedirectsToRETH() (gas: 310871)
[PASS] test_Swap_BootstrapDoesNotRevertWithValidRefPrice() (gas: 9815323)
[PASS] test_Swap_EventEmittedWithCorrectTWAPFlag() (gas: 189208)
[PASS] test_Swap_FreshDeployIsInBootstrapWithRefPriceSet() (gas: 4836127)
[PASS] test_Swap_LastSwapTimeUpdated() (gas: 188608)
[PASS] test_Swap_PendingFeesZeroedBeforeSwap() (gas: 188533)
[PASS] test_Swap_PostBootstrapRevertsIfTWAPFailsAndRefPriceZero() (gas: 241189)
[PASS] test_Swap_PostBootstrapUsesTWAP() (gas: 186267)
[PASS] test_Swap_RevertsBeforeDelay() (gas: 221933)
[PASS] test_Swap_RevertsBelowMinBatch() (gas: 113938)
[PASS] test_Swap_RevertsForNonOwner() (gas: 116430)
[PASS] test_Swap_RevertsWhenRouterReturnsBelowMinOut() (gas: 160381)
[PASS] test_Swap_SecondSwapRevertsBeforeDelay() (gas: 224864)
[PASS] test_Swap_SecondSwapSucceedsAfterDelay() (gas: 231075)
[PASS] test_TL_CbETHExitFlow() (gas: 52251)
[PASS] test_TL_DEXPairFlow() (gas: 46651)
[PASS] test_TL_EntryDeletedAfterExecution() (gas: 54752)
[PASS] test_TL_ExecuteRevertsBeforeDelay() (gas: 37302)
[PASS] test_TL_ExecuteSucceedsAfterDelay() (gas: 53136)
[PASS] test_TL_LPUpdateSetsIsDEXPairCorrectly() (gas: 56351)
[PASS] test_TL_OnlyOwnerCanQueue() (gas: 23175)
[PASS] test_TL_QueueCreatesEntry() (gas: 37513)
[PASS] test_TL_UnknownIdReverts() (gas: 13175)
Suite result: ok. 98 passed; 0 failed; 0 skipped; finished in 836.79ms (854.50ms CPU time)

Ran 5 test suites in 866.25ms (920.17ms CPU time): 230 tests passed, 0 failed, 0 skipped (230 total tests)
